Archive member included because of file (symbol)

/home/andrew/bin/gcc-arm/bin/../lib/gcc/arm-none-eabi/4.9.3/armv7e-m/libgcc.a(_arm_addsubdf3.o)
                              build/seq_ctrl.c.o (__aeabi_dadd)
/home/andrew/bin/gcc-arm/bin/../lib/gcc/arm-none-eabi/4.9.3/armv7e-m/libgcc.a(_arm_muldivdf3.o)
                              build/seq_ctrl.c.o (__aeabi_dmul)
/home/andrew/bin/gcc-arm/bin/../lib/gcc/arm-none-eabi/4.9.3/armv7e-m/libgcc.a(_arm_cmpdf2.o)
                              build/song.c.o (__aeabi_dcmpgt)
/home/andrew/bin/gcc-arm/bin/../lib/gcc/arm-none-eabi/4.9.3/armv7e-m/libgcc.a(_arm_truncdfsf2.o)
                              build/seq_ctrl.c.o (__aeabi_d2f)
/home/andrew/bin/gcc-arm/bin/../lib/gcc/arm-none-eabi/4.9.3/armv7e-m/libgcc.a(_arm_addsubsf3.o)
                              build/ioctl.c.o (__aeabi_i2f)
/home/andrew/bin/gcc-arm/bin/../lib/gcc/arm-none-eabi/4.9.3/armv7e-m/libgcc.a(_arm_muldivsf3.o)
                              build/ioctl.c.o (__aeabi_fmul)
/home/andrew/bin/gcc-arm/bin/../lib/gcc/arm-none-eabi/4.9.3/armv7e-m/libgcc.a(_arm_cmpsf2.o)
                              build/song.c.o (__aeabi_fcmplt)
/home/andrew/bin/gcc-arm/bin/../lib/gcc/arm-none-eabi/4.9.3/armv7e-m/libgcc.a(_arm_fixsfsi.o)
                              build/ioctl.c.o (__aeabi_f2iz)
/home/andrew/bin/gcc-arm/bin/../lib/gcc/arm-none-eabi/4.9.3/armv7e-m/libgcc.a(_fixunsdfdi.o)
                              build/clock.c.o (__aeabi_d2ulz)
/home/andrew/bin/gcc-arm/bin/../lib/gcc/arm-none-eabi/4.9.3/armv7e-m/libgcc.a(_arm_fixunsdfsi.o)
                              /home/andrew/bin/gcc-arm/bin/../lib/gcc/arm-none-eabi/4.9.3/armv7e-m/libgcc.a(_fixunsdfdi.o) (__aeabi_d2uiz)
/home/andrew/bin/gcc-arm/bin/../lib/gcc/arm-none-eabi/4.9.3/../../../../arm-none-eabi/lib/armv7e-m/libc.a(lib_a-exit.o)
                              /home/andrew/bin/gcc-arm/bin/../lib/gcc/arm-none-eabi/4.9.3/../../../../arm-none-eabi/lib/armv7e-m/crt0.o (exit)
/home/andrew/bin/gcc-arm/bin/../lib/gcc/arm-none-eabi/4.9.3/../../../../arm-none-eabi/lib/armv7e-m/libc.a(lib_a-impure.o)
                              /home/andrew/bin/gcc-arm/bin/../lib/gcc/arm-none-eabi/4.9.3/../../../../arm-none-eabi/lib/armv7e-m/libc.a(lib_a-exit.o) (_global_impure_ptr)
/home/andrew/bin/gcc-arm/bin/../lib/gcc/arm-none-eabi/4.9.3/../../../../arm-none-eabi/lib/armv7e-m/libc.a(lib_a-init.o)
                              /home/andrew/bin/gcc-arm/bin/../lib/gcc/arm-none-eabi/4.9.3/../../../../arm-none-eabi/lib/armv7e-m/crt0.o (__libc_init_array)
/home/andrew/bin/gcc-arm/bin/../lib/gcc/arm-none-eabi/4.9.3/../../../../arm-none-eabi/lib/armv7e-m/libc.a(lib_a-malloc.o)
                              build/usbd_midi.c.o (malloc)
/home/andrew/bin/gcc-arm/bin/../lib/gcc/arm-none-eabi/4.9.3/../../../../arm-none-eabi/lib/armv7e-m/libc.a(lib_a-mallocr.o)
                              /home/andrew/bin/gcc-arm/bin/../lib/gcc/arm-none-eabi/4.9.3/../../../../arm-none-eabi/lib/armv7e-m/libc.a(lib_a-malloc.o) (_malloc_r)
/home/andrew/bin/gcc-arm/bin/../lib/gcc/arm-none-eabi/4.9.3/../../../../arm-none-eabi/lib/armv7e-m/libc.a(lib_a-memcpy.o)
                              build/gui.c.o (memcpy)
/home/andrew/bin/gcc-arm/bin/../lib/gcc/arm-none-eabi/4.9.3/../../../../arm-none-eabi/lib/armv7e-m/libc.a(lib_a-memset.o)
                              /home/andrew/bin/gcc-arm/bin/../lib/gcc/arm-none-eabi/4.9.3/../../../../arm-none-eabi/lib/armv7e-m/crt0.o (memset)
/home/andrew/bin/gcc-arm/bin/../lib/gcc/arm-none-eabi/4.9.3/../../../../arm-none-eabi/lib/armv7e-m/libc.a(lib_a-mlock.o)
                              /home/andrew/bin/gcc-arm/bin/../lib/gcc/arm-none-eabi/4.9.3/../../../../arm-none-eabi/lib/armv7e-m/libc.a(lib_a-mallocr.o) (__malloc_lock)
/home/andrew/bin/gcc-arm/bin/../lib/gcc/arm-none-eabi/4.9.3/../../../../arm-none-eabi/lib/armv7e-m/libc.a(lib_a-printf.o)
                              build/log.c.o (printf)
/home/andrew/bin/gcc-arm/bin/../lib/gcc/arm-none-eabi/4.9.3/../../../../arm-none-eabi/lib/armv7e-m/libc.a(lib_a-rand.o)
                              build/main.c.o (srand)
/home/andrew/bin/gcc-arm/bin/../lib/gcc/arm-none-eabi/4.9.3/../../../../arm-none-eabi/lib/armv7e-m/libc.a(lib_a-sbrkr.o)
                              /home/andrew/bin/gcc-arm/bin/../lib/gcc/arm-none-eabi/4.9.3/../../../../arm-none-eabi/lib/armv7e-m/libc.a(lib_a-mallocr.o) (_sbrk_r)
/home/andrew/bin/gcc-arm/bin/../lib/gcc/arm-none-eabi/4.9.3/../../../../arm-none-eabi/lib/armv7e-m/libc.a(lib_a-sprintf.o)
                              build/gui.c.o (sprintf)
/home/andrew/bin/gcc-arm/bin/../lib/gcc/arm-none-eabi/4.9.3/../../../../arm-none-eabi/lib/armv7e-m/libc.a(lib_a-strcmp.o)
                              build/gui.c.o (strcmp)
/home/andrew/bin/gcc-arm/bin/../lib/gcc/arm-none-eabi/4.9.3/../../../../arm-none-eabi/lib/armv7e-m/libc.a(lib_a-strcpy.o)
                              build/gui.c.o (strcpy)
[...]
Memory Configuration

Name             Origin             Length             Attributes
VECTOR           0x08000000         0x00004000         xr
FLASH            0x08004000         0x0007c000         xr
RAM              0x20000000         0x00020000         xrw
CCMRAM           0x10000000         0x00010000         rw
*default*        0x00000000         0xffffffff

Linker script and memory map

LOAD /home/andrew/bin/gcc-arm/bin/../lib/gcc/arm-none-eabi/4.9.3/armv7e-m/crti.o
LOAD /home/andrew/bin/gcc-arm/bin/../lib/gcc/arm-none-eabi/4.9.3/armv7e-m/crtbegin.o
LOAD /home/andrew/bin/gcc-arm/bin/../lib/gcc/arm-none-eabi/4.9.3/../../../../arm-none-eabi/lib/armv7e-m/crt0.o
LOAD build/usbh_pipes.c.o
LOAD build/usbh_ctlreq.c.o
LOAD build/usbh_ioreq.c.o
LOAD build/usbh_core.c.o
LOAD build/usbd_ioreq.c.o
LOAD build/usbd_core.c.o
LOAD build/usbd_ctlreq.c.o
LOAD build/usbd_midi.c.o
LOAD build/usbd_conf.c.o
LOAD build/power_ctrl.c.o
LOAD build/stm32f4xx_it.c.o
LOAD build/main.c.o
LOAD build/switch_filter.c.o
LOAD build/panel_if.c.o
LOAD build/analog_out.c.o
LOAD build/debug.c.o
LOAD build/cvproc.c.o
LOAD build/stm32f4xx_hal_msp.c.o
LOAD build/gfx.c.o
LOAD build/ioctl.c.o
LOAD build/lcd_fsmc_if.c.o
LOAD build/ILI948x_drv.c.o
LOAD build/font_sinclair_8x8.c.o
LOAD build/font_system_8x12.c.o
LOAD build/gui.c.o
LOAD build/panel_menu.c.o
LOAD build/panel.c.o
LOAD build/step_edit.c.o
LOAD build/song_edit.c.o
LOAD build/config_store.c.o
LOAD build/midi_stream.c.o
LOAD build/midi_utils.c.o
LOAD build/log.c.o
LOAD build/time_utils.c.o
LOAD build/panel_utils.c.o
LOAD build/state_change.c.o
LOAD build/seq_utils.c.o
LOAD build/system_stm32f4xx.c.o
LOAD build/startup_stm32f407xx.s.o
LOAD build/lcd_drv.c.o
LOAD build/spi_flash.c.o
LOAD build/iface_midi_router.c.o
LOAD build/iface_panel.c.o
LOAD build/usbh_midi.c.o
LOAD build/usbh_conf.c.o
LOAD build/delay.c.o
LOAD build/metronome.c.o
LOAD build/sysex.c.o
LOAD build/midi_ctrl.c.o
LOAD build/pattern.c.o
LOAD build/arp.c.o
LOAD build/seq_ctrl.c.o
LOAD build/arp_progs.c.o
LOAD build/clock.c.o
LOAD build/clock_out.c.o
LOAD build/scale.c.o
LOAD build/seq_engine.c.o
LOAD build/song.c.o
LOAD build/outproc.c.o
LOAD build/spi_callbacks.c.o
LOAD build/ext_flash.c.o
LOAD build/din_midi.c.o
LOAD build/stm32f4xx_hal_dma_ex.c.o
LOAD build/stm32f4xx_hal_sai.c.o
LOAD build/stm32f4xx_hal_timebase_tim_template.c.o
LOAD build/stm32f4xx_hal_fmpi2c.c.o
LOAD build/stm32f4xx_hal_hcd.c.o
LOAD build/stm32f4xx_hal_nor.c.o
LOAD build/stm32f4xx_hal_smartcard.c.o
LOAD build/stm32f4xx_hal_hash_ex.c.o
LOAD build/stm32f4xx_hal_adc_ex.c.o
LOAD build/stm32f4xx_hal_spi.c.o
LOAD build/stm32f4xx_hal_tim_ex.c.o
LOAD build/stm32f4xx_hal_ltdc.c.o
LOAD build/stm32f4xx_hal_qspi.c.o
LOAD build/stm32f4xx_hal_nand.c.o
LOAD build/stm32f4xx_hal_tim.c.o
LOAD build/stm32f4xx_hal_dsi.c.o
LOAD build/stm32f4xx_hal_cryp_ex.c.o
LOAD build/stm32f4xx_ll_fmc.c.o
LOAD build/stm32f4xx_hal_pcd.c.o
LOAD build/stm32f4xx_hal_gpio.c.o
LOAD build/stm32f4xx_hal_pcd_ex.c.o
LOAD build/stm32f4xx_hal_pwr.c.o
LOAD build/stm32f4xx_hal_dac.c.o
LOAD build/stm32f4xx_hal_i2c_ex.c.o
LOAD build/stm32f4xx_hal_can.c.o
LOAD build/stm32f4xx_hal_rng.c.o
LOAD build/stm32f4xx_hal_uart.c.o
LOAD build/stm32f4xx_hal_fmpi2c_ex.c.o
LOAD build/stm32f4xx_hal_flash_ex.c.o
LOAD build/stm32f4xx_hal_ltdc_ex.c.o
LOAD build/stm32f4xx_hal_sram.c.o
LOAD build/stm32f4xx_hal_sd.c.o
LOAD build/stm32f4xx_hal_pccard.c.o
LOAD build/stm32f4xx_hal_hash.c.o
LOAD build/stm32f4xx_hal_dcmi_ex.c.o
LOAD build/stm32f4xx_ll_sdmmc.c.o
LOAD build/stm32f4xx_hal.c.o
LOAD build/stm32f4xx_hal_i2s.c.o
LOAD build/stm32f4xx_hal_wwdg.c.o
LOAD build/stm32f4xx_hal_iwdg.c.o
LOAD build/stm32f4xx_hal_pwr_ex.c.o
LOAD build/stm32f4xx_hal_eth.c.o
LOAD build/stm32f4xx_hal_dma2d.c.o
LOAD build/stm32f4xx_hal_crc.c.o
LOAD build/stm32f4xx_hal_spdifrx.c.o
LOAD build/stm32f4xx_hal_rtc_ex.c.o
LOAD build/stm32f4xx_hal_cec.c.o
LOAD build/stm32f4xx_hal_dcmi.c.o
LOAD build/stm32f4xx_hal_lptim.c.o
LOAD build/stm32f4xx_hal_irda.c.o
LOAD build/stm32f4xx_ll_fsmc.c.o
LOAD build/stm32f4xx_hal_i2s_ex.c.o
LOAD build/stm32f4xx_ll_usb.c.o
LOAD build/stm32f4xx_hal_sdram.c.o
LOAD build/stm32f4xx_hal_rcc_ex.c.o
LOAD build/stm32f4xx_hal_sai_ex.c.o
LOAD build/stm32f4xx_hal_dma.c.o
LOAD build/stm32f4xx_hal_rcc.c.o
LOAD build/stm32f4xx_hal_cortex.c.o
LOAD build/stm32f4xx_hal_i2c.c.o
LOAD build/stm32f4xx_hal_rtc.c.o
LOAD build/stm32f4xx_hal_cryp.c.o
LOAD build/stm32f4xx_hal_dac_ex.c.o
LOAD build/stm32f4xx_hal_flash.c.o
LOAD build/stm32f4xx_hal_adc.c.o
LOAD build/stm32f4xx_hal_flash_ramfunc.c.o
LOAD build/stm32f4xx_hal_usart.c.o
START GROUP
LOAD /home/andrew/bin/gcc-arm/bin/../lib/gcc/arm-none-eabi/4.9.3/armv7e-m/libgcc.a
LOAD /home/andrew/bin/gcc-arm/bin/../lib/gcc/arm-none-eabi/4.9.3/../../../../arm-none-eabi/lib/armv7e-m/libc.a
END GROUP
START GROUP
LOAD /home/andrew/bin/gcc-arm/bin/../lib/gcc/arm-none-eabi/4.9.3/armv7e-m/libgcc.a
LOAD /home/andrew/bin/gcc-arm/bin/../lib/gcc/arm-none-eabi/4.9.3/../../../../arm-none-eabi/lib/armv7e-m/libc.a
LOAD /home/andrew/bin/gcc-arm/bin/../lib/gcc/arm-none-eabi/4.9.3/../../../../arm-none-eabi/lib/armv7e-m/libnosys.a
END GROUP
LOAD /home/andrew/bin/gcc-arm/bin/../lib/gcc/arm-none-eabi/4.9.3/armv7e-m/crtend.o
LOAD /home/andrew/bin/gcc-arm/bin/../lib/gcc/arm-none-eabi/4.9.3/armv7e-m/crtn.o
                0x2001ffff                //_estack = 0x2001ffff
                0x1000ffff                _estack = 0x1000ffff
                0x00000200                _Min_Heap_Size = 0x200
                0x00000400                _Min_Stack_Size = 0x400

.isr_vector     0x08000000      0x188
                0x08000000                . = ALIGN (0x4)
 *(.isr_vector)
 .isr_vector    0x08000000      0x188 build/startup_stm32f407xx.s.o
                0x08000000                g_pfnVectors
                0x08000188                . = ALIGN (0x4)

.text           0x08004000    0x2f564
                0x08004000                . = ALIGN (0x4)
 *(.text)
 .text          0x08004000        0x0 /home/andrew/bin/gcc-arm/bin/../lib/gcc/arm-none-eabi/4.9.3/armv7e-m/crti.o
 .text          0x08004000       0x5c /home/andrew/bin/gcc-arm/bin/../lib/gcc/arm-none-eabi/4.9.3/armv7e-m/crtbegin.o
 .text          0x0800405c       0x74 /home/andrew/bin/gcc-arm/bin/../lib/gcc/arm-none-eabi/4.9.3/../../../../arm-none-eabi/lib/armv7e-m/crt0.o
                0x0800405c                _mainCRTStartup
                0x0800405c                _start
 .text          0x080040d0       0x74 build/usbh_pipes.c.o
                0x080040d0                USBH_OpenPipe
                0x080040f0                USBH_ClosePipe
                0x080040fc                USBH_AllocPipe
                0x0800412c                USBH_FreePipe
 .text          0x08004144      0x4dc build/usbh_ctlreq.c.o
                0x08004144                USBH_GetNextDesc
                0x08004154                USBH_CtlReq
                0x08004304                USBH_GetDescriptor
                0x0800433c                USBH_Get_DevDesc
                0x080043f8                USBH_Get_CfgDesc
                0x08004540                USBH_Get_StringDesc
                0x08004594                USBH_SetAddress
                0x080045b0                USBH_SetCfg
                0x080045cc                USBH_SetInterface
                0x080045f4                USBH_ClrFeature
 .text          0x08004620      0x13c build/usbh_ioreq.c.o
                0x08004620                USBH_CtlSendSetup
                0x08004640                USBH_CtlSendData
                0x0800466c                USBH_CtlReceiveData
                0x0800468c                USBH_BulkSendData
                0x080046b8                USBH_BulkReceiveData
                0x080046d8                USBH_InterruptReceiveData
                0x080046f8                USBH_InterruptSendData
                0x08004718                USBH_IsocReceiveData
                0x08004738                USBH_IsocSendData
 .text          0x0800475c      0x55c build/usbh_core.c.o
                0x0800475c                USBH_Init
                0x080047c4                USBH_DeInit
                0x08004820                USBH_RegisterClass
                0x08004844                USBH_SelectInterface
                0x08004858                USBH_GetActiveClass
                0x08004860                USBH_FindInterface
                0x080048a4                USBH_FindInterfaceIndex
                0x080048d4                USBH_Start
                0x080048e8                USBH_Stop
                0x0800490c                USBH_ReEnumerate
                0x08004970                USBH_Process
                0x08004c30                USBH_LL_SetTimer
                0x08004c38                USBH_LL_IncTimer
                0x08004c58                USBH_LL_Connect
                0x08004c80                USBH_LL_Disconnect
 .text          0x08004cb8       0x98 build/usbd_ioreq.c.o
                0x08004cb8                USBD_CtlSendData
                0x08004cd4                USBD_CtlContinueSendData
                0x08004ce4                USBD_CtlPrepareRx
                0x08004d04                USBD_CtlContinueRx
                0x08004d14                USBD_CtlSendStatus
                0x08004d2c                USBD_CtlReceiveStatus
                0x08004d44                USBD_GetRxCount
 .text          0x08004d50      0x2cc build/usbd_core.c.o
                0x08004d50                USBD_Init
                0x08004d7c                USBD_DeInit
                0x08004da0                USBD_RegisterClass
                0x08004db0                USBD_Start
                0x08004dbc                USBD_Stop
                0x08004dd4                USBD_RunTestMode
                0x08004dd8                USBD_SetClassConfig
                0x08004dec                USBD_ClrClassConfig
                0x08004dfc                USBD_LL_SetupStage
                0x08004e5c                USBD_LL_DataOutStage
                0x08004ec8                USBD_LL_DataInStage
                0x08004f6c                USBD_LL_Reset
                0x08004fac                USBD_LL_SetSpeed
                0x08004fb4                USBD_LL_Suspend
                0x08004fc8                USBD_LL_Resume
                0x08004fd8                USBD_LL_SOF
                0x08004ff8                USBD_LL_IsoINIncomplete
                0x08004ffc                USBD_LL_IsoOUTIncomplete
                0x08005000                USBD_LL_DevConnected
                0x08005004                USBD_LL_DevDisconnected
 .text          0x0800501c      0x44c build/usbd_ctlreq.c.o
                0x0800501c                USBD_StdDevReq
                0x080052d0                USBD_StdItfReq
                0x0800530c                USBD_StdEPReq
                0x080053dc                USBD_ParseSetupRequest
                0x08005404                USBD_CtlError
                0x0800541c                USBD_GetString
 .text          0x08005468      0x508 build/usbd_midi.c.o
                0x08005478                USBD_MIDI_DeviceDescriptor
                0x08005484                USBD_MIDI_LangIDStrDescriptor
                0x080054c4                USBD_MIDI_SerialStrDescriptor
                0x08005688                USBD_MIDI_ManufacturerStrDescriptor
                0x080056a4                USBD_MIDI_ProductStrDescriptor
                0x080056c0                USBD_MIDI_ConfigStrDescriptor
                0x080056dc                USBD_MIDI_InterfaceStrDescriptor
                0x080056f8                usbd_midi_init
                0x08005738                usbd_midi_timer_task
                0x080058b0                usbd_midi_prepare_in_ep
 .text          0x08005970      0x3f8 build/usbd_conf.c.o
                0x08005970                HAL_PCD_MspInit
                0x08005b58                HAL_PCD_MspDeInit
                0x08005b98                HAL_PCD_SetupStageCallback
                0x08005ba4                HAL_PCD_DataOutStageCallback
                0x08005bb8                HAL_PCD_DataInStageCallback
                0x08005bcc                HAL_PCD_SOFCallback
                0x08005bd4                HAL_PCD_ResetCallback
                0x08005bf4                HAL_PCD_SuspendCallback
                0x08005bfc                HAL_PCD_ResumeCallback
                0x08005c04                HAL_PCD_ISOOUTIncompleteCallback
                0x08005c0c                HAL_PCD_ISOINIncompleteCallback
                0x08005c14                HAL_PCD_ConnectCallback
                0x08005c1c                HAL_PCD_DisconnectCallback
                0x08005c24                USBD_LL_Init
                0x08005c7c                USBD_LL_DeInit
                0x08005c8c                USBD_LL_Start
                0x08005c9c                USBD_LL_Stop
                0x08005cac                USBD_LL_OpenEP
                0x08005cc0                USBD_LL_CloseEP
                0x08005cd0                USBD_LL_FlushEP
                0x08005ce0                USBD_LL_StallEP
                0x08005cf0                USBD_LL_ClearStallEP
                0x08005d00                USBD_LL_IsStallEP
                0x08005d28                USBD_LL_SetUSBAddress
                0x08005d38                USBD_LL_Transmit
                0x08005d48                USBD_LL_PrepareReceive
                0x08005d58                USBD_LL_GetRxDataSize
                0x08005d64                USBD_LL_Delay
 .text          0x08005d68      0x1d0 build/power_ctrl.c.o
                0x08005d68                power_ctrl_init
                0x08005d7c                power_ctrl_timer_task
                0x08005f20                power_ctrl_get_power_state
                0x08005f2c                power_ctrl_change_state
 .text          0x08005f38       0xd8 build/stm32f4xx_it.c.o
                0x08005f38                NMI_Handler
                0x08005f3c                HardFault_Handler
                0x08005f40                MemManage_Handler
                0x08005f44                BusFault_Handler
                0x08005f48                UsageFault_Handler
                0x08005f4c                SVC_Handler
                0x08005f50                DebugMon_Handler
                0x08005f54                PendSV_Handler
                0x08005f58                SysTick_Handler
                0x08005f6c                DMA2_Stream0_IRQHandler
                0x08005f78                SPI1_IRQHandler
                0x08005f84                SPI2_IRQHandler
                0x08005f90                DMA1_Stream5_IRQHandler
                0x08005f9c                DMA1_Stream0_IRQHandler
                0x08005fa8                DMA1_Stream4_IRQHandler
                0x08005fb4                DMA1_Stream2_IRQHandler
                0x08005fc0                UART4_IRQHandler
                0x08005fcc                DMA1_Stream6_IRQHandler
                0x08005fd8                USART2_IRQHandler
                0x08005fe4                OTG_FS_IRQHandler
                0x08005ff0                OTG_HS_IRQHandler
                0x08005ffc                TIM3_IRQHandler
 .text          0x08006010       0x88 build/main.c.o
                0x08006010                main_timer_task
 .text          0x08006098      0x310 build/switch_filter.c.o
                0x08006098                switch_filter_init
                0x08006100                switch_filter_set_encoder
                0x08006134                switch_filter_get_event
                0x08006160                switch_filter_handle_enc
                0x0800626c                switch_filter_set_val
 .text          0x080063a8      0x618 build/panel_if.c.o
                0x080063a8                panel_if_spi_txrx_cplt_cb
                0x080063b8                panel_if_spi_init_cb
                0x080064c0                panel_if_blink_led
                0x080064ec                panel_if_decode_led
                0x080065a4                panel_if_init
                0x080066a4                panel_if_timer_task
                0x08006944                panel_if_set_led
                0x08006968                panel_if_set_rgb
                0x080069b4                panel_if_write_pwm
 .text          0x080069c0      0x374 build/analog_out.c.o
                0x080069c0                aout_spi_tx_cplt_cb
                0x080069f0                aout_spi_init_cb
                0x08006ab8                analog_out_init
                0x08006b44                analog_out_set_cv
                0x08006b58                analog_out_set_gate
                0x08006b90                analog_out_set_clock
                0x08006bac                analog_out_set_reset
                0x08006bc8                analog_out_beep_metronome
                0x08006bdc                aout_update_dac
                0x08006c70                aout_update_gate
                0x08006cb0                analog_out_timer_task
 .text          0x08006d34      0x170 build/debug.c.o
                0x08006d34                debug_send_active_sensing
                0x08006d4c                _write
                0x08006de0                debug_set_pin
                0x08006e20                debug_init
 .text          0x08006ea4      0xa28 build/cvproc.c.o
                0x08006ea4                cvproc_set_bend_range
                0x08006ec0                cvproc_cc_handler
                0x08006f44                cvproc_set_note
                0x08006fa4                cvproc_set_velo
                0x08006fe4                cvproc_set_bend
                0x0800708c                cvproc_mono_handler
                0x08007280                cvproc_poly_handler
                0x08007430                cvproc_timer_task
                0x080074c4                cvproc_reset_state
                0x08007540                cvproc_set_pairs
                0x080075cc                cvproc_reset_pair
                0x08007750                cvproc_set_pair_mode
                0x0800778c                cvproc_build_scale
                0x08007800                cvproc_init
                0x0800785c                cvproc_set_output_scaling
                0x0800788c                cvproc_set_cvcal
 .text          0x080078cc       0x4c build/stm32f4xx_hal_msp.c.o
                0x080078cc                HAL_MspInit
                0x08007914                HAL_MspDeInit
 .text          0x08007918      0x204 build/gfx.c.o
                0x08007918                gfx_init
                0x08007924                gfx_close
                0x08007928                gfx_commit
                0x0800792c                gfx_init_lcd
                0x08007930                gfx_deinit_lcd
                0x08007934                gfx_clear_screen
                0x0800794c                gfx_get_screen_w
                0x08007954                gfx_get_screen_h
                0x0800795c                gfx_fill_rect
                0x080079b8                gfx_load_font
                0x080079bc                gfx_draw_string
                0x08007ad4                gfx_color_32to16
                0x08007aec                gfx_get_font_row
 .text          0x08007b1c      0x210 build/ioctl.c.o
                0x08007b1c                ioctl_init
                0x08007bdc                ioctl_timer_task
                0x08007c24                ioctl_set_analog_pwr_ctrl
                0x08007c34                ioctl_get_power_sw
                0x08007c4c                ioctl_get_dc_vsense
                0x08007c6c                HAL_ADC_MspInit
 .text          0x08007d2c      0x2cc build/lcd_fsmc_if.c.o
                0x08007d2c                lcd_fsmc_if_init
                0x08007d38                lcd_fsmc_if_init_if
                0x08007d9c                lcd_fsmc_if_deinit_if
                0x08007dc0                lcd_fsmc_if_write8
                0x08007e00                lcd_fsmc_if_read8
                0x08007e40                lcd_fsmc_if_write16
                0x08007ec0                HAL_SRAM_MspInit
                0x08007f5c                HAL_SRAM_MspDeInit
 .text          0x08007ff8      0x50c build/ILI948x_drv.c.o
                0x08007ff8                ILI948x_drv_init
                0x08008074                ILI948x_drv_deinit_LCD
                0x08008094                ILI948x_drv_send_pixels
                0x080080a0                ILI948x_drv_start_cmd
                0x080080b4                ILI948x_drv_add_cmd_data
                0x080080d4                ILI948x_drv_send_cmd
                0x080080fc                ILI948x_drv_set_xy
                0x0800819c                ILI948x_drv_clear
                0x08008228                ILI948x_drv_read_cmd
                0x0800824c                ILI948x_drv_get_id
                0x08008284                ILI948x_drv_init_LCD
 .text          0x08008504        0x0 build/font_sinclair_8x8.c.o
 .text          0x08008504        0x0 build/font_system_8x12.c.o
 .text          0x08008504     0x1948 build/gui.c.o
                0x08008504                gui_close
                0x08008508                gui_force_refresh
                0x08008518                gui_clear_screen
                0x08008520                gui_set_enable
                0x08008530                gui_set_lcd_power
                0x08008548                gui_grid_set_overlay_enable
                0x08008560                gui_grid_clear_overlay
                0x08008578                gui_grid_set_overlay_color
                0x080085c8                gui_draw_grid_bg
                0x080085e4                gui_draw_main_grid
                0x08008658                gui_draw_preview_grids
                0x080087e0                gui_draw_labels
                0x08008838                gui_refresh_task
                0x0800891c                gui_set_label
                0x080089f0                gui_set_status_text
                0x080089f8                gui_set_menu_subtitle
                0x08008a00                gui_set_status_text_part
                0x08008ab0                gui_set_menu_title
                0x08008abc                gui_set_menu_prev_next
                0x08008b00                gui_set_menu_param
                0x08008b0c                gui_set_menu_value
                0x08008b18                gui_set_label_highlight
                0x08008be4                gui_clear_status_text
                0x08008bec                gui_clear_status_text_all
                0x08008c08                gui_clear_menu
                0x08008c24                gui_set_status_highlight_part
                0x08008c60                gui_set_menu_edit
                0x08008c78                gui_set_label_prefs
                0x08008cd0                gui_set_label_color
                0x08008d04                gui_calculate_motion_steps
                0x08008d44                gui_update_song
                0x08008d68                gui_update_tempo
                0x08008dbc                gui_update_run_enable
                0x08008df8                gui_update_rec_mode
                0x08008e40                gui_update_clock_source
                0x08008ea0                gui_update_live_mode
                0x08008f34                gui_update_keyboard_transpose
                0x08008f64                gui_update_track_mute
                0x08008fec                gui_update_bias_track
                0x0800906c                gui_update_track_transpose
                0x080090dc                gui_update_arp_enable
                0x08009128                gui_update_tonality
                0x080091a0                gui_update_motion_start
                0x08009228                gui_update_motion_length
                0x080092b0                gui_update_motion_dir
                0x0800931c                gui_update_step_length
                0x0800938c                gui_update_gate_time_override
                0x080093fc                gui_update_pattern_type
                0x08009438                gui_update_track_type
                0x080094ac                gui_update_first_track
                0x080095d8                gui_init
                0x08009a30                gui_update_track_select
                0x08009a7c                gui_update_scene
                0x08009b2c                gui_set_status_override
                0x08009b54                gui_update_active_step
                0x08009b74                gui_update_song_mode
                0x08009c18                gui_handle_state_change
 .text          0x08009e4c     0x1068 build/panel_menu.c.o
                0x08009e4c                panel_menu_init
                0x08009e88                panel_menu_get_mode
                0x08009e94                panel_menu_update_prev_next
                0x08009eb4                panel_menu_display_swing
                0x08009ef4                panel_menu_display_tonality
                0x0800a068                panel_menu_display_arp
                0x0800a174                panel_menu_display_load
                0x0800a22c                panel_menu_display_save
                0x0800a2ac                panel_menu_display_midi
                0x0800a4a4                panel_menu_display_sys
                0x0800a61c                panel_menu_display_clock
                0x0800a75c                panel_menu_update_display
                0x0800a7e8                panel_menu_set_mode
                0x0800a8e0                panel_menu_timer_task
                0x0800a8f8                panel_menu_adjust_cursor
                0x0800a928                panel_menu_track_select_changed
                0x0800a954                panel_menu_handle_state_change
                0x0800abec                panel_menu_edit_song
                0x0800abf0                panel_menu_edit_swing
                0x0800ac08                panel_menu_edit_tonality
                0x0800ac50                panel_menu_edit_arp
                0x0800ac90                panel_menu_edit_load
                0x0800acb0                panel_menu_edit_save
                0x0800acd0                panel_menu_edit_midi
                0x0800ad70                panel_menu_edit_sys
                0x0800addc                panel_menu_edit_clock
                0x0800ae60                panel_menu_adjust_value
 .text          0x0800aeb4      0xd44 build/panel.c.o
                0x0800aeb4                panel_handle_input
                0x0800aed8                panel_set_led
                0x0800af1c                panel_blink_beat_led
                0x0800af34                panel_set_bl_led
                0x0800af64                panel_clear_leds
                0x0800af84                panel_restore_leds
                0x0800afa0                panel_handle_track_select
                0x0800b0a8                panel_handle_mute_select
                0x0800b0dc                panel_handle_reset
                0x0800b114                panel_update_bl_display
                0x0800b1b0                panel_init
                0x0800b248                panel_update_arp_led
                0x0800b280                panel_update_song_led
                0x0800b2ac                panel_update_live_led
                0x0800b2f0                panel_update_dir_led
                0x0800b328                panel_update_record_led
                0x0800b378                panel_update_run_led
                0x0800b3a0                panel_update_track_led
                0x0800b3dc                panel_handle_state_change
                0x0800b4e0                panel_get_edit_mode
                0x0800b4f8                panel_handle_shift_double_tap
                0x0800b53c                panel_handle_seq_input
                0x0800bb7c                panel_handle_key_queue
                0x0800bbc0                panel_timer_task
 .text          0x0800bbf8      0xb10 build/step_edit.c.o
                0x0800bbf8                step_edit_init
                0x0800bc34                step_edit_get_enable
                0x0800bc40                step_edit_update_display
                0x0800be8c                step_edit_handle_input
                0x0800bfb8                step_edit_send_note_on
                0x0800bfe8                step_edit_send_note_off
                0x0800c018                step_edit_run
                0x0800c050                step_edit_stop_notes
                0x0800c084                step_edit_clear_step
                0x0800c0b8                step_edit_send_cc
                0x0800c0e8                step_edit_play_step
                0x0800c178                step_edit_adjust_cursor
                0x0800c1d4                step_edit_set_enable
                0x0800c268                step_edit_timer_task
                0x0800c280                step_edit_handle_state_change
                0x0800c2ac                step_edit_adjust_ratchet_mode
                0x0800c2f0                step_edit_clear_recording_notes
                0x0800c314                step_edit_add_recording_note
                0x0800c33c                step_edit_remove_recording_note
                0x0800c35c                step_edit_get_num_recording_notes
                0x0800c378                step_edit_does_step_contain_event
                0x0800c3c4                step_edit_adjust_step
                0x0800c664                step_edit_adjust_note
                0x0800c690                step_edit_adjust_velocity
                0x0800c6c0                step_edit_adjust_gate_time
                0x0800c6ec                step_edit_adjust_start_delay
 .text          0x0800c708      0x288 build/song_edit.c.o
                0x0800c708                song_edit_init
                0x0800c71c                song_edit_get_enable
                0x0800c728                song_edit_update_display
                0x0800c824                song_edit_adjust_cursor
                0x0800c854                song_edit_set_enable
                0x0800c8a8                song_edit_timer_task
                0x0800c8c0                song_edit_adjust_scene
                0x0800c900                song_edit_adjust_length
                0x0800c93c                song_edit_adjust_kbtrans
                0x0800c978                song_edit_remove_step
 .text          0x0800c990      0x37c build/config_store.c.o
                0x0800c990                config_store_init
                0x0800c9b8                config_store_get_val
                0x0800c9cc                config_store_set_val
                0x0800c9ec                config_store_wipe_flash
                0x0800ca44                config_store_load_start
                0x0800ca80                config_store_load_done
                0x0800cb14                config_store_writeback_start
                0x0800cbb8                config_store_timer_task
                0x0800ccf4                config_store_clear
 .text          0x0800cd0c      0x4a8 build/midi_stream.c.o
                0x0800cd0c                midi_stream_init
                0x0800cd3c                midi_stream_send_msg
                0x0800cd88                midi_stream_send_sysex_msg
                0x0800ce04                midi_stream_send_byte
                0x0800d124                midi_stream_data_available
                0x0800d158                midi_stream_receive_msg
 .text          0x0800d1b4      0x37c build/midi_utils.c.o
                0x0800d1b4                midi_utils_rewrite_dest
                0x0800d1f4                midi_utils_rewrite_note_off
                0x0800d218                midi_utils_note_on_to_off
                0x0800d234                midi_utils_copy_msg
                0x0800d250                midi_utils_compare_msg
                0x0800d284                midi_utils_compare_note_msg
                0x0800d2cc                midi_utils_print_msg
                0x0800d2f4                midi_utils_is_sysex_msg
                0x0800d328                midi_utils_is_clock_msg
                0x0800d34c                midi_utils_copy_event
                0x0800d370                midi_utils_enc_note_on
                0x0800d394                midi_utils_enc_note_off
                0x0800d3b8                midi_utils_enc_key_pressure
                0x0800d3dc                midi_utils_enc_control_change
                0x0800d400                midi_utils_enc_program_change
                0x0800d420                midi_utils_enc_channel_pressure
                0x0800d440                midi_utils_enc_pitch_bend
                0x0800d468                midi_utils_enc_mtc_qframe
                0x0800d474                midi_utils_enc_song_position
                0x0800d490                midi_utils_enc_song_select
                0x0800d4a8                midi_utils_enc_tune_request
                0x0800d4b4                midi_utils_enc_timing_tick
                0x0800d4c0                midi_utils_enc_clock_start
                0x0800d4cc                midi_utils_enc_clock_continue
                0x0800d4d8                midi_utils_enc_clock_stop
                0x0800d4e4                midi_utils_enc_active_sensing
                0x0800d4f0                midi_utils_enc_system_reset
                0x0800d4fc                midi_utils_enc_1byte
                0x0800d508                midi_utils_enc_2byte
                0x0800d51c                midi_utils_enc_3byte
 .text          0x0800d530       0xdc build/log.c.o
                0x0800d530                log_init
                0x0800d534                log_vstdout
                0x0800d558                log_debug
                0x0800d57c                log_info
                0x0800d5a0                log_warn
                0x0800d5c4                log_vstderr
                0x0800d5e8                log_error
 .text          0x0800d60c       0x18 build/time_utils.c.o
                0x0800d60c                time_utils_get_btime
                0x0800d618                time_utils_set_btime
 .text          0x0800d624      0x6ec build/panel_utils.c.o
                0x0800d624                panel_utils_yesno_str
                0x0800d644                panel_utils_onoff_str
                0x0800d664                panel_utils_port_str
                0x0800d6f0                panel_utils_channel_str
                0x0800d788                panel_utils_note_to_name
                0x0800d97c                panel_utils_key_split_str
                0x0800d9c0                panel_utils_step_len_to_str
                0x0800da78                panel_utils_clock_ppq_to_str
                0x0800db14                panel_utils_gate_time_to_str
                0x0800dc14                panel_utils_transpose_to_str
                0x0800dc2c                panel_utils_scroll_list
                0x0800dc50                panel_utils_cvgate_pair_to_str
                0x0800dc70                panel_utils_cvgate_pair_mode_to_str
                0x0800dcbc                panel_utills_cv_output_scaling_to_str
                0x0800dcfc                panel_utils_get_blank_str
 .text          0x0800dd10       0xf8 build/state_change.c.o
                0x0800dd10                state_change_init
                0x0800dd38                state_change_register
                0x0800dd7c                state_change_fire
                0x0800ddb8                state_change_fire0
                0x0800ddc0                state_change_fire1
                0x0800ddd8                state_change_fire2
                0x0800ddf0                state_change_fire3
 .text          0x0800de08       0xc8 build/seq_utils.c.o
                0x0800de08                seq_utils_enc_val_to_change
                0x0800de20                seq_utils_clamp
                0x0800de30                seq_utils_wrap
                0x0800de40                seq_utils_bits_to_count
                0x0800de60                seq_utils_is_step_active
                0x0800de70                seq_utils_step_len_to_ticks
                0x0800de84                seq_utils_warp_change
                0x0800de90                seq_utils_clock_pqq_to_divisor
                0x0800dea8                seq_utils_get_wrapped_range
 .text          0x0800ded0       0xb8 build/system_stm32f4xx.c.o
                0x0800ded0                SystemInit
                0x0800df14                SystemCoreClockUpdate
 .text          0x0800df88       0x14 build/startup_stm32f407xx.s.o
 .text          0x0800df9c        0x0 build/lcd_drv.c.o
 .text          0x0800df9c      0x554 build/spi_flash.c.o
                0x0800df9c                spi_flash_spi_txrx_cplt_cb
                0x0800e010                spi_flash_spi_init_cb
                0x0800e188                spi_flash_init
                0x0800e1e8                spi_flash_get_state
                0x0800e1f4                spi_flash_get_result
                0x0800e2bc                spi_flash_start_xfer
                0x0800e2f0                spi_flash_start_cmd
 .text          0x0800e4f0      0x5f8 build/iface_midi_router.c.o
                0x0800e4f0                iface_midi_router_init
                0x0800e518                iface_midi_router_set_program
                0x0800e7e0                iface_midi_router_set_bend_range
                0x0800e808                iface_midi_router_set_clock_div
                0x0800e83c                iface_midi_router_clear_config
                0x0800e854                iface_midi_router_handle_state_change
                0x0800e884                iface_midi_router_load_config
                0x0800e8a8                iface_midi_router_handle_cv_setting
                0x0800e8e8                iface_midi_router_clock_task
                0x0800e940                iface_midi_router_handle_clock_msg
                0x0800e9b0                iface_midi_router_timer_task
 .text          0x0800eae8      0x420 build/iface_panel.c.o
                0x0800eae8                iface_panel_init
                0x0800eaec                iface_panel_handle_input
                0x0800ee1c                iface_panel_handle_led
 .text          0x0800ef08      0x410 build/usbh_midi.c.o
                0x0800f274                usbh_midi_init
                0x0800f308                usbh_midi_task
                0x0800f314                usbh_midi_set_vbus
 .text          0x0800f318      0x304 build/usbh_conf.c.o
                0x0800f318                usbh_conf_set_vbus
                0x0800f33c                HAL_HCD_MspInit
                0x0800f45c                HAL_HCD_MspDeInit
                0x0800f494                HAL_HCD_SOF_Callback
                0x0800f49c                HAL_HCD_Connect_Callback
                0x0800f4a4                HAL_HCD_Disconnect_Callback
                0x0800f4ac                HAL_HCD_HC_NotifyURBChange_Callback
                0x0800f4b0                USBH_LL_Init
                0x0800f4f8                USBH_LL_DeInit
                0x0800f508                USBH_LL_Start
                0x0800f518                USBH_LL_Stop
                0x0800f528                USBH_LL_GetSpeed
                0x0800f544                USBH_LL_ResetPort
                0x0800f554                USBH_LL_GetLastXferSize
                0x0800f55c                USBH_LL_OpenPipe
                0x0800f580                USBH_LL_ClosePipe
                0x0800f590                USBH_LL_SubmitURB
                0x0800f5b8                USBH_LL_GetURBState
                0x0800f5c0                USBH_LL_DriverVBUS
                0x0800f5d4                USBH_LL_SetToggle
                0x0800f5f8                USBH_LL_GetToggle
                0x0800f618                USBH_Delay
 .text          0x0800f61c       0x30 build/delay.c.o
                0x0800f61c                delay_init
                0x0800f628                delay_timer_task
                0x0800f638                delay_ms
 .text          0x0800f64c      0x124 build/metronome.c.o
                0x0800f64c                metronome_init
                0x0800f664                metronome_run
                0x0800f6e8                metronome_beat_cross
                0x0800f6f4                metronome_stop_sound
                0x0800f74c                metronome_timer_task
                0x0800f764                metronome_mode_changed
 .text          0x0800f770      0x4dc build/sysex.c.o
                0x0800f770                sysex_init
                0x0800f780                sysex_send_read_ext_mem_result
                0x0800f848                sysex_send_devtype_response
                0x0800f88c                sysex_send_error_response
                0x0800f8dc                sysex_timer_task
                0x0800f918                sysex_nibbles_to_bytes
                0x0800f948                sysex_process
                0x0800fbe4                sysex_handle_msg
 .text          0x0800fc4c      0x224 build/midi_ctrl.c.o
                0x0800fc4c                midi_ctrl_init
                0x0800fc50                midi_ctrl_handle_midi_msg
 .text          0x0800fe70      0x1a0 build/pattern.c.o
                0x0800fe70                pattern_init
                0x0800fe9c                pattern_get_step_enable
                0x0800fee4                pattern_load_rom_defaults
                0x0800ff68                pattern_handle_state_change
                0x0800ff98                pattern_load_patterns
 .text          0x08010010      0xd58 build/arp.c.o
                0x08010010                arp_set_seq_enable
                0x08010034                arp_handle_input
                0x080100ec                arp_set_type
                0x08010160                arp_set_speed
                0x0801019c                arp_set_gate_time
                0x080101d0                arp_type_to_name
                0x080102b8                arp_reset_program
                0x08010300                arp_find_lowest_note
                0x08010344                arp_find_highest_note
                0x08010380                arp_find_lower_note
                0x080103c8                arp_find_higher_note
                0x08010414                arp_find_random_note
                0x0801046c                arp_start_note
                0x080104d0                arp_stop_all_notes
                0x08010540                arp_clear_input
                0x08010584                arp_set_arp_enable
                0x08010610                arp_init
                0x08010690                arp_execute_step
                0x08010c1c                arp_timeout_notes
                0x08010c3c                arp_run
                0x08010d04                arp_find_label
                0x08010d44                arp_take_snapshot
 .text          0x08010d68     0x14c8 build/seq_ctrl.c.o
                0x08010d68                seq_ctrl_init
                0x08010dd8                seq_ctrl_rt_task
                0x08010e10                seq_ctrl_ui_task
                0x08010e20                seq_ctrl_clock_tick
                0x08010e24                seq_ctrl_panel_input
                0x08010e34                seq_ctrl_is_run_lockout
                0x08010e44                seq_ctrl_get_current_song
                0x08010e50                seq_ctrl_get_scene
                0x08010e54                seq_ctrl_get_run_state
                0x08010e58                seq_ctrl_get_num_tracks_selected
                0x08010e74                seq_ctrl_get_track_select
                0x08010e9c                seq_ctrl_get_song_mode
                0x08010ea8                seq_ctrl_set_song_mode
                0x08010ec8                seq_ctrl_toggle_song_mode
                0x08010ee0                seq_ctrl_get_live_mode
                0x08010eec                seq_ctrl_set_live_mode
                0x08010f14                seq_ctrl_get_first_track
                0x08010f20                seq_ctrl_get_record_mode
                0x08010f2c                seq_ctrl_set_record_mode
                0x08010f80                seq_ctrl_set_run_state
                0x08010fc4                seq_ctrl_record_pressed
                0x08010fdc                seq_ctrl_set_scene
                0x08011014                seq_ctrl_copy_scene
                0x08011058                seq_ctrl_reset_pos
                0x0801107c                seq_ctrl_reset_track
                0x0801109c                seq_ctrl_set_track_select
                0x0801111c                seq_ctrl_save_song
                0x0801115c                seq_ctrl_clear_song
                0x08011180                seq_ctrl_load_song
                0x080111d4                seq_ctrl_set_kbtrans
                0x080111d8                seq_ctrl_adjust_cvcal
                0x08011210                seq_ctrl_set_tempo
                0x08011220                seq_ctrl_adjust_tempo
                0x08011280                seq_ctrl_tap_tempo
                0x08011284                seq_ctrl_adjust_swing
                0x080112a8                seq_ctrl_adjust_metronome_mode
                0x080112d4                seq_ctrl_adjust_key_velocity_scale
                0x080112f0                seq_ctrl_adjust_cv_bend_range
                0x0801130c                seq_ctrl_adjust_cvgate_pairs
                0x08011328                seq_ctrl_adjust_cvgate_pair_mode
                0x08011360                seq_ctrl_adjust_cv_output_scaling
                0x08011394                seq_ctrl_adjust_clock_rate
                0x080113c8                seq_ctrl_adjust_midi_remote_ctrl
                0x080113e4                seq_ctrl_set_midi_program
                0x08011430                seq_ctrl_adjust_midi_program
                0x0801148c                seq_ctrl_adjust_midi_port
                0x080114f8                seq_ctrl_adjust_midi_channel
                0x08011590                seq_ctrl_adjust_key_split
                0x080115d0                seq_ctrl_adjust_track_type
                0x08011610                seq_ctrl_set_step_length
                0x08011660                seq_ctrl_adjust_step_length
                0x080116a8                seq_ctrl_adjust_tonality
                0x080116f0                seq_ctrl_set_transpose
                0x08011740                seq_ctrl_adjust_transpose
                0x0801178c                seq_ctrl_adjust_bias_track
                0x080117d8                seq_ctrl_set_motion_start
                0x08011828                seq_ctrl_adjust_motion_start
                0x08011880                seq_ctrl_set_motion_length
                0x080118d0                seq_ctrl_adjust_motion_length
                0x08011928                seq_ctrl_set_gate_time
                0x08011978                seq_ctrl_adjust_gate_time
                0x080119c4                seq_ctrl_set_pattern_type
                0x08011a10                seq_ctrl_adjust_pattern_type
                0x08011a54                seq_ctrl_set_motion_dir
                0x08011ab8                seq_ctrl_flip_motion_dir
                0x08011b08                seq_ctrl_get_mute_select
                0x08011b1c                seq_ctrl_set_mute_select
                0x08011b80                seq_ctrl_set_arp_type
                0x08011bd0                seq_ctrl_adjust_arp_type
                0x08011c18                seq_ctrl_set_arp_speed
                0x08011c68                seq_ctrl_adjust_arp_speed
                0x08011cb0                seq_ctrl_set_arp_gate_time
                0x08011d00                seq_ctrl_adjust_arp_gate_time
                0x08011d4c                seq_ctrl_get_arp_enable
                0x08011d60                seq_ctrl_set_arp_enable
                0x08011da8                seq_ctrl_flip_arp_enable
                0x08011df8                seq_ctrl_make_magic
                0x08011eb8                seq_ctrl_make_clear
                0x08011f1c                seq_ctrl_cancel_record
                0x08011f30                seq_ctrl_refresh_modules
                0x08011f98                seq_ctrl_set_current_song
                0x08011fbc                seq_ctrl_handle_state_change
                0x08012214                seq_ctrl_set_run_lockout
 .text          0x08012230      0xe5c build/arp_progs.c.o
                0x08012230                arp_progs_init
                0x08012268                arp_progs_clear
                0x080122a4                arp_progs_addin
                0x080122dc                arp_progs_generate_up
                0x080125b4                arp_progs_generate_down
                0x080128b0                arp_progs_generate_updown
                0x08012e4c                arp_progs_generate_random
                0x08012fb4                arp_progs_load
 *fill*         0x0801308c        0x4 
 .text          0x08013090      0x428 build/clock.c.o
                0x08013090                clock_get_source
                0x0801309c                clock_get_tempo
                0x080130bc                clock_set_tempo
                0x080130f8                clock_set_swing
                0x08013110                clock_tap_tempo
                0x08013120                clock_reset_pos
                0x08013130                clock_get_tick_pos
                0x08013148                clock_get_running
                0x08013154                clock_set_running
                0x08013168                clock_midi_rx_tick
                0x08013174                clock_set_source
                0x08013194                clock_init
                0x080131e4                clock_timer_task
 .text          0x080134b8      0x300 build/clock_out.c.o
                0x080134b8                clock_out_init
                0x08013504                clock_out_timer_task
                0x0801355c                clock_out_set_output
                0x08013590                clock_out_handle_state_change
                0x08013614                clock_out_set_run_state
                0x08013628                clock_out_generate_start
                0x08013690                clock_out_generate_stop
                0x080136c8                clock_out_run
 .text          0x080137b8      0x180 build/scale.c.o
                0x080137b8                scale_type_to_name
                0x0801385c                scale_quantize
 .text          0x08013938     0x1ebc build/seq_engine.c.o
                0x08013c5c                seq_engine_reset_track
                0x08013ca0                seq_engine_get_current_scene
                0x08013cac                seq_engine_get_song_mode_state
                0x08013cb4                seq_engine_set_kbtrans
                0x08013ce0                seq_engine_arp_start_note
                0x08013d00                seq_engine_arp_stop_note
                0x08013d20                seq_engine_song_mode_find_next_scene
                0x08013d44                seq_engine_track_start_note
                0x08013f58                seq_engine_track_play_step
                0x08014054                seq_engine_track_manage_notes
                0x08014170                seq_engine_track_stop_all_notes
                0x080141f0                seq_engine_track_set_bias_output
                0x08014214                seq_engine_live_enqueue_note
                0x0801424c                seq_engine_live_dequeue_note
                0x0801429c                seq_engine_live_send_msg
                0x080143ac                seq_engine_live_get_num_notes
                0x080143d0                seq_engine_live_stop_all_notes
                0x08014480                seq_engine_stop_notes
                0x080144ac                seq_engine_stop_live_notes
                0x080144c0                seq_engine_live_passthrough
                0x0801451c                seq_engine_record_write_tracks
                0x08014530                seq_engine_live_mode_changed
                0x080145a0                seq_engine_track_select_changed
                0x080145e4                seq_engine_mute_select_changed
                0x08014628                seq_engine_metronome_mode_changed
                0x0801462c                seq_engine_key_split_changed
                0x08014640                seq_engine_arp_type_changed
                0x08014670                seq_engine_arp_speed_changed
                0x080146a0                seq_engine_arp_gate_time_changed
                0x080146d0                seq_engine_arp_enable_changed
                0x0801475c                seq_engine_recalc_params
                0x08014858                seq_engine_init
                0x08014948                seq_engine_is_first_step
                0x08014994                seq_engine_move_to_next_step
                0x080149bc                seq_engine_compute_next_pos
                0x080149c8                seq_engine_cancel_pending_scene_change
                0x080149d4                seq_engine_reset_all_tracks_pos
                0x08014a18                seq_engine_change_scene_synced
                0x08014a98                seq_engine_change_scene
                0x08014ac4                seq_engine_song_mode_load_entry
                0x08014b0c                seq_engine_song_mode_reset
                0x08014b38                seq_engine_song_mode_process
                0x08014b9c                seq_engine_song_mode_enable_changed
                0x08014c04                seq_engine_run
                0x08014e6c                seq_engine_send_program
                0x08014ea4                seq_engine_song_loaded
                0x08014ed8                seq_engine_handle_state_change
                0x08015058                seq_engine_send_all_notes_off
                0x08015088                seq_engine_set_run_state
                0x080150f0                seq_engine_highlight_step_record_pos
                0x08015114                seq_engine_record_mode_changed
                0x080151d8                seq_engine_step_sequence_advance
                0x08015220                seq_engine_record_event
                0x08015530                seq_engine_handle_midi_msg
                0x08015660                seq_engine_timer_task
                0x08015758                seq_engine_step_sequence_shuttle
                0x0801577c                seq_engine_step_rec_pos_changed
                0x080157d4                seq_engine_check_key_split_range
 *fill*         0x080157f4        0x4 
 .text          0x080157f8     0x1d60 build/song.c.o
                0x080157f8                song_load
                0x0801584c                song_save
                0x080158a0                song_get_song_version
                0x080158ac                song_get_tempo
                0x080158b8                song_set_tempo
                0x08015928                song_get_swing
                0x08015934                song_set_swing
                0x0801595c                song_get_metronome_mode
                0x08015968                song_set_metronome_mode
                0x08015990                song_get_key_velocity_scale
                0x0801599c                song_set_key_velocity_scale
                0x080159c4                song_get_cv_bend_range
                0x080159d0                song_set_cv_bend_range
                0x080159f4                song_get_cvgate_pairs
                0x08015a00                song_set_cvgate_pairs
                0x08015a24                song_get_cvgate_pair_mode
                0x08015a4c                song_set_cvgate_pair_mode
                0x08015a90                song_get_cv_output_scaling
                0x08015ab8                song_set_cv_output_scaling
                0x08015af8                song_get_cvcal
                0x08015b20                song_set_cvcal
                0x08015b64                song_get_midi_port_clock
                0x08015b8c                song_set_midi_port_clock
                0x08015bd0                song_get_midi_remote_ctrl
                0x08015be0                song_set_midi_remote_ctrl
                0x08015c04                song_add_song_list_entry
                0x08015ce4                song_remove_song_list_entry
                0x08015d88                song_get_song_list_scene
                0x08015db4                song_get_song_list_length
                0x08015de0                song_get_song_list_kbtrans
                0x08015e0c                song_set_song_list_kbtrans
                0x08015e88                song_set_song_list_scene
                0x08015f04                song_set_song_list_length
                0x08015f80                song_get_midi_program
                0x08015fc0                song_set_midi_program
                0x08016014                song_get_midi_port_map
                0x08016054                song_set_midi_port_map
                0x080160b0                song_get_midi_channel_map
                0x080160f0                song_set_midi_channel_map
                0x0801614c                song_get_key_split
                0x08016174                song_set_key_split
                0x080161b8                song_get_track_type
                0x080161e0                song_set_track_type
                0x08016224                song_get_step_length
                0x08016268                song_set_step_length
                0x080162c8                song_get_tonality
                0x0801630c                song_set_tonality
                0x0801636c                song_get_transpose
                0x080163b0                song_set_transpose
                0x08016414                song_get_bias_track
                0x08016458                song_set_bias_track
                0x080164bc                song_get_motion_start
                0x08016500                song_set_motion_start
                0x08016560                song_get_motion_length
                0x080165a4                song_set_motion_length
                0x08016608                song_get_gate_time
                0x0801664c                song_set_gate_time
                0x080166b0                song_get_pattern_type
                0x080166f4                song_set_pattern_type
                0x08016754                song_get_motion_dir
                0x08016798                song_set_motion_dir
                0x08016808                song_get_mute
                0x0801684c                song_set_mute
                0x080168bc                song_get_arp_type
                0x08016900                song_set_arp_type
                0x08016960                song_get_arp_speed
                0x080169a4                song_set_arp_speed
                0x08016a04                song_get_arp_gate_time
                0x08016a44                song_set_arp_gate_time
                0x08016aa8                song_get_arp_enable
                0x08016ae8                song_set_arp_enable
                0x08016b58                song_copy_scene
                0x08016c9c                song_clear_step_event
                0x08016d20                song_get_num_step_events
                0x08016d94                song_add_step_event
                0x08016e94                song_set_step_event
                0x08016f50                song_get_step_event
                0x08016fec                song_get_start_delay
                0x08017044                song_set_start_delay
                0x080170b4                song_get_ratchet_mode
                0x0801710c                song_set_ratchet_mode
                0x08017180                song_clear_step
                0x08017218                song_clear
                0x08017470                song_init
                0x08017494                song_timer_task
 .text          0x08017558      0x45c build/outproc.c.o
                0x08017558                outproc_init
                0x08017588                outproc_enqueue_note
                0x080175b8                outproc_dequeue_note
                0x08017600                outproc_deliver_msg
                0x08017768                outproc_stop_all_notes
                0x080177bc                outproc_transpose_changed
                0x080178c8                outproc_tonality_changed
                0x08017994                outproc_get_num_notes
 .text          0x080179b4      0x2a4 build/spi_callbacks.c.o
                0x080179b4                spi_callbacks_init
                0x08017a28                spi_callbacks_register_handle
                0x08017a48                spi_callbacks_register_tx_cb
                0x08017a58                spi_callbacks_register_rx_cb
                0x08017a68                spi_callbacks_register_txrx_cb
                0x08017a78                spi_callbacks_register_tx_half_cb
                0x08017a88                spi_callbacks_register_rx_half_cb
                0x08017a98                spi_callbacks_register_txrx_half_cb
                0x08017aa8                spi_callbacks_register_error_cb
                0x08017ab8                HAL_SPI_MspInit
                0x08017aec                HAL_SPI_TxCpltCallback
                0x08017b20                HAL_SPI_RxCpltCallback
                0x08017b54                HAL_SPI_TxRxCpltCallback
                0x08017b88                HAL_SPI_TxHalfCpltCallback
                0x08017bbc                HAL_SPI_RxHalfCpltCallback
                0x08017bf0                HAL_SPI_TxRxHalfCpltCallback
                0x08017c24                HAL_SPI_ErrorCallback
 .text          0x08017c58      0x450 build/ext_flash.c.o
                0x08017c58                ext_flash_init
                0x08017c6c                ext_flash_timer_task
                0x08017ff4                ext_flash_get_state
                0x08018014                ext_flash_load
                0x0801803c                ext_flash_save
                0x08018064                ext_flash_save_noerase
                0x0801808c                ext_flash_get_mem_size
                0x08018094                ext_flash_get_remain_io_bytes
 .text          0x080180a8      0x438 build/din_midi.c.o
                0x080180a8                din_midi_init
                0x08018128                din_midi_timer_task
                0x080182a4                HAL_UART_TxCpltCallback
                0x080182d4                HAL_UART_MspInit
 .text          0x080184e0      0x100 build/stm32f4xx_hal_dma_ex.c.o
                0x080184e0                HAL_DMAEx_MultiBufferStart
                0x08018544                HAL_DMAEx_MultiBufferStart_IT
                0x080185d0                HAL_DMAEx_ChangeMemory
 .text          0x080185e0        0x0 build/stm32f4xx_hal_sai.c.o
 .text          0x080185e0       0xc4 build/stm32f4xx_hal_timebase_tim_template.c.o
                0x080185e0                HAL_InitTick
                0x0801866c                HAL_SuspendTick
                0x08018680                HAL_ResumeTick
                0x08018694                HAL_TIM_PeriodElapsedCallback
                0x08018698                TIM6_DAC_IRQHandler
 .text          0x080186a4        0x0 build/stm32f4xx_hal_fmpi2c.c.o
 .text          0x080186a4      0xaf0 build/stm32f4xx_hal_hcd.c.o
                0x080186a4                HAL_HCD_HC_Init
                0x08018710                HAL_HCD_HC_Halt
                0x08018738                HAL_HCD_Init
                0x080187bc                HAL_HCD_DeInit
                0x080187e0                HAL_HCD_HC_SubmitRequest
                0x080188ec                HAL_HCD_IRQHandler
                0x080190f8                HAL_HCD_Start
                0x08019124                HAL_HCD_Stop
                0x08019148                HAL_HCD_ResetPort
                0x08019150                HAL_HCD_GetState
                0x08019158                HAL_HCD_HC_GetURBState
                0x08019168                HAL_HCD_HC_GetXferCount
                0x08019174                HAL_HCD_HC_GetState
                0x08019184                HAL_HCD_GetCurrentFrame
                0x0801918c                HAL_HCD_GetCurrentSpeed
 .text          0x08019194        0x0 build/stm32f4xx_hal_nor.c.o
 .text          0x08019194        0x0 build/stm32f4xx_hal_smartcard.c.o
 .text          0x08019194        0x0 build/stm32f4xx_hal_hash_ex.c.o
 .text          0x08019194      0x760 build/stm32f4xx_hal_adc_ex.c.o
                0x0801920c                HAL_ADCEx_InjectedStart
                0x080192e0                HAL_ADCEx_InjectedStart_IT
                0x080193bc                HAL_ADCEx_InjectedStop
                0x08019418                HAL_ADCEx_InjectedPollForConversion
                0x080194a0                HAL_ADCEx_InjectedStop_IT
                0x08019504                HAL_ADCEx_InjectedGetValue
                0x08019548                HAL_ADCEx_MultiModeStart_DMA
                0x08019664                HAL_ADCEx_MultiModeStop_DMA
                0x080196cc                HAL_ADCEx_MultiModeGetValue
                0x080196d8                HAL_ADCEx_InjectedConvCpltCallback
                0x080196dc                HAL_ADCEx_InjectedConfigChannel
                0x080198a0                HAL_ADCEx_MultiModeConfigChannel
 .text          0x080198f4      0xeb4 build/stm32f4xx_hal_spi.c.o
                0x08019c84                HAL_SPI_Init
                0x08019d30                HAL_SPI_MspDeInit
                0x08019d34                HAL_SPI_DeInit
                0x08019d60                HAL_SPI_Transmit
                0x08019e9c                HAL_SPI_Receive
                0x08019ff0                HAL_SPI_TransmitReceive
                0x0801a004                HAL_SPI_Transmit_IT
                0x0801a0a4                HAL_SPI_Receive_IT
                0x0801a158                HAL_SPI_TransmitReceive_IT
                0x0801a174                HAL_SPI_Transmit_DMA
                0x0801a214                HAL_SPI_Receive_DMA
                0x0801a2dc                HAL_SPI_TransmitReceive_DMA
                0x0801a2f8                HAL_SPI_DMAPause
                0x0801a31c                HAL_SPI_DMAResume
                0x0801a340                HAL_SPI_DMAStop
                0x0801a6f4                HAL_SPI_IRQHandler
                0x0801a79c                HAL_SPI_GetState
                0x0801a7a4                HAL_SPI_GetError
 .text          0x0801a7a8      0xb80 build/stm32f4xx_hal_tim_ex.c.o
                0x0801a7a8                HAL_TIMEx_HallSensor_MspInit
                0x0801a7ac                HAL_TIMEx_HallSensor_Init
                0x0801a850                HAL_TIMEx_HallSensor_MspDeInit
                0x0801a854                HAL_TIMEx_HallSensor_DeInit
                0x0801a890                HAL_TIMEx_HallSensor_Start
                0x0801a8ac                HAL_TIMEx_HallSensor_Stop
                0x0801a8dc                HAL_TIMEx_HallSensor_Start_IT
                0x0801a900                HAL_TIMEx_HallSensor_Stop_IT
                0x0801a938                HAL_TIMEx_HallSensor_Start_DMA
                0x0801a9a4                HAL_TIMEx_HallSensor_Stop_DMA
                0x0801a9dc                HAL_TIMEx_OCN_Start
                0x0801aa04                HAL_TIMEx_OCN_Stop
                0x0801aa54                HAL_TIMEx_OCN_Start_IT
                0x0801aacc                HAL_TIMEx_OCN_Stop_IT
                0x0801ab74                HAL_TIMEx_OCN_Start_DMA
                0x0801ac70                HAL_TIMEx_OCN_Stop_DMA
                0x0801ad10                HAL_TIMEx_PWMN_Start
                0x0801ad38                HAL_TIMEx_PWMN_Stop
                0x0801ad88                HAL_TIMEx_PWMN_Start_IT
                0x0801ae00                HAL_TIMEx_PWMN_Stop_IT
                0x0801aea8                HAL_TIMEx_PWMN_Start_DMA
                0x0801afa4                HAL_TIMEx_PWMN_Stop_DMA
                0x0801b044                HAL_TIMEx_OnePulseN_Start
                0x0801b064                HAL_TIMEx_OnePulseN_Stop
                0x0801b0b4                HAL_TIMEx_OnePulseN_Start_IT
                0x0801b0e4                HAL_TIMEx_OnePulseN_Stop_IT
                0x0801b144                HAL_TIMEx_ConfigCommutationEvent
                0x0801b194                HAL_TIMEx_ConfigCommutationEvent_IT
                0x0801b1ec                HAL_TIMEx_ConfigCommutationEvent_DMA
                0x0801b254                HAL_TIMEx_MasterConfigSynchronization
                0x0801b29c                HAL_TIMEx_ConfigBreakDeadTime
                0x0801b2e0                HAL_TIMEx_RemapConfig
                0x0801b308                HAL_TIMEx_CommutationCallback
                0x0801b30c                TIMEx_DMACommutationCplt
                0x0801b31c                HAL_TIMEx_BreakCallback
                0x0801b320                HAL_TIMEx_HallSensor_GetState
 .text          0x0801b328        0x0 build/stm32f4xx_hal_ltdc.c.o
 .text          0x0801b328        0x0 build/stm32f4xx_hal_qspi.c.o
 .text          0x0801b328        0x0 build/stm32f4xx_hal_nand.c.o
 .text          0x0801b328     0x2354 build/stm32f4xx_hal_tim.c.o
                0x0801b4f0                HAL_TIM_Base_MspInit
                0x0801b4f4                HAL_TIM_Base_MspDeInit
                0x0801b4f8                HAL_TIM_Base_DeInit
                0x0801b534                HAL_TIM_Base_Start
                0x0801b554                HAL_TIM_Base_Stop
                0x0801b584                HAL_TIM_Base_Start_IT
                0x0801b59c                HAL_TIM_Base_Stop_IT
                0x0801b5c8                HAL_TIM_Base_Start_DMA
                0x0801b624                HAL_TIM_Base_Stop_DMA
                0x0801b654                HAL_TIM_OC_MspInit
                0x0801b658                HAL_TIM_OC_MspDeInit
                0x0801b65c                HAL_TIM_OC_DeInit
                0x0801b698                HAL_TIM_OC_Start
                0x0801b6dc                HAL_TIM_OC_Stop
                0x0801b74c                HAL_TIM_OC_Start_IT
                0x0801b7d8                HAL_TIM_OC_Stop_IT
                0x0801b88c                HAL_TIM_OC_Start_DMA
                0x0801b9a0                HAL_TIM_OC_Stop_DMA
                0x0801ba58                HAL_TIM_PWM_MspInit
                0x0801ba5c                HAL_TIM_PWM_MspDeInit
                0x0801ba60                HAL_TIM_PWM_DeInit
                0x0801ba9c                HAL_TIM_PWM_Start
                0x0801bae0                HAL_TIM_PWM_Stop
                0x0801bb54                HAL_TIM_PWM_Start_IT
                0x0801bbe0                HAL_TIM_PWM_Stop_IT
                0x0801bc94                HAL_TIM_PWM_Start_DMA
                0x0801bda8                HAL_TIM_PWM_Stop_DMA
                0x0801be60                HAL_TIM_IC_MspInit
                0x0801be64                HAL_TIM_IC_MspDeInit
                0x0801be68                HAL_TIM_IC_DeInit
                0x0801bea4                HAL_TIM_IC_Start
                0x0801bec4                HAL_TIM_IC_Stop
                0x0801bef8                HAL_TIM_IC_Start_IT
                0x0801bf60                HAL_TIM_IC_Stop_IT
                0x0801bfd8                HAL_TIM_IC_Start_DMA
                0x0801c0bc                HAL_TIM_IC_Stop_DMA
                0x0801c140                HAL_TIM_OnePulse_MspInit
                0x0801c144                HAL_TIM_OnePulse_MspDeInit
                0x0801c148                HAL_TIM_OnePulse_DeInit
                0x0801c184                HAL_TIM_OnePulse_Start
                0x0801c1cc                HAL_TIM_OnePulse_Stop
                0x0801c23c                HAL_TIM_OnePulse_Start_IT
                0x0801c294                HAL_TIM_OnePulse_Stop_IT
                0x0801c314                HAL_TIM_Encoder_MspInit
                0x0801c318                HAL_TIM_Encoder_MspDeInit
                0x0801c31c                HAL_TIM_Encoder_DeInit
                0x0801c358                HAL_TIM_Encoder_Start
                0x0801c3a4                HAL_TIM_Encoder_Stop
                0x0801c3f8                HAL_TIM_Encoder_Start_IT
                0x0801c478                HAL_TIM_Encoder_Stop_IT
                0x0801c4f8                HAL_TIM_Encoder_Start_DMA
                0x0801c640                HAL_TIM_Encoder_Stop_DMA
                0x0801c6c0                HAL_TIM_DMABurst_WriteStart
                0x0801c7a4                HAL_TIM_DMABurst_WriteStop
                0x0801c81c                HAL_TIM_DMABurst_ReadStart
                0x0801c900                HAL_TIM_DMABurst_ReadStop
                0x0801c978                HAL_TIM_GenerateEvent
                0x0801c9a4                HAL_TIM_ConfigOCrefClear
                0x0801ca70                HAL_TIM_ConfigClockSource
                0x0801cbec                HAL_TIM_ConfigTI1Input
                0x0801cbfc                HAL_TIM_SlaveConfigSynchronization
                0x0801cc3c                HAL_TIM_SlaveConfigSynchronization_IT
                0x0801cc7c                HAL_TIM_ReadCapturedValue
                0x0801ccf0                HAL_TIM_OC_DelayElapsedCallback
                0x0801ccf4                HAL_TIM_IC_CaptureCallback
                0x0801ccf8                TIM_DMACaptureCplt
                0x0801cd44                HAL_TIM_PWM_PulseFinishedCallback
                0x0801cd48                TIM_DMADelayPulseCplt
                0x0801cd94                HAL_TIM_TriggerCallback
                0x0801cd98                HAL_TIM_IRQHandler
                0x0801cefc                HAL_TIM_ErrorCallback
                0x0801cf00                TIM_DMAError
                0x0801cf10                HAL_TIM_Base_GetState
                0x0801cf18                HAL_TIM_OC_GetState
                0x0801cf20                HAL_TIM_PWM_GetState
                0x0801cf28                HAL_TIM_IC_GetState
                0x0801cf30                HAL_TIM_OnePulse_GetState
                0x0801cf38                HAL_TIM_Encoder_GetState
                0x0801cf40                TIM_Base_SetConfig
                0x0801d024                HAL_TIM_Base_Init
                0x0801d05c                HAL_TIM_OC_Init
                0x0801d094                HAL_TIM_PWM_Init
                0x0801d0cc                HAL_TIM_IC_Init
                0x0801d104                HAL_TIM_OnePulse_Init
                0x0801d150                HAL_TIM_Encoder_Init
                0x0801d200                TIM_TI1_SetConfig
                0x0801d27c                HAL_TIM_IC_ConfigChannel
                0x0801d3b4                TIM_OC2_SetConfig
                0x0801d41c                HAL_TIM_OC_ConfigChannel
                0x0801d47c                HAL_TIM_PWM_ConfigChannel
                0x0801d550                HAL_TIM_OnePulse_ConfigChannel
                0x0801d660                TIM_CCxChannelCmd
 .text          0x0801d67c        0x0 build/stm32f4xx_hal_dsi.c.o
 .text          0x0801d67c        0x0 build/stm32f4xx_hal_cryp_ex.c.o
 .text          0x0801d67c        0x0 build/stm32f4xx_ll_fmc.c.o
 .text          0x0801d67c      0xa14 build/stm32f4xx_hal_pcd.c.o
                0x0801d680                HAL_PCD_Init
                0x0801d760                HAL_PCD_DeInit
                0x0801d7a4                HAL_PCD_Start
                0x0801d7d0                HAL_PCD_Stop
                0x0801d82c                HAL_PCD_IRQHandler
                0x0801dd48                HAL_PCD_DevConnect
                0x0801dd6c                HAL_PCD_DevDisconnect
                0x0801dd90                HAL_PCD_SetAddress
                0x0801ddb4                HAL_PCD_EP_Open
                0x0801de2c                HAL_PCD_EP_Close
                0x0801de7c                HAL_PCD_EP_Receive
                0x0801deec                HAL_PCD_EP_GetRxCount
                0x0801df00                HAL_PCD_EP_Transmit
                0x0801df64                HAL_PCD_EP_SetStall
                0x0801dfc8                HAL_PCD_EP_ClrStall
                0x0801e01c                HAL_PCD_EP_Flush
                0x0801e058                HAL_PCD_ActivateRemoteWakeup
                0x0801e074                HAL_PCD_DeActivateRemoteWakeup
                0x0801e088                HAL_PCD_GetState
 .text          0x0801e090      0x41c build/stm32f4xx_hal_gpio.c.o
                0x0801e090                HAL_GPIO_Init
                0x0801e2f4                HAL_GPIO_DeInit
                0x0801e448                HAL_GPIO_ReadPin
                0x0801e454                HAL_GPIO_WritePin
                0x0801e45c                HAL_GPIO_TogglePin
                0x0801e464                HAL_GPIO_LockPin
                0x0801e490                HAL_GPIO_EXTI_Callback
                0x0801e494                HAL_GPIO_EXTI_IRQHandler
 .text          0x0801e4ac       0x50 build/stm32f4xx_hal_pcd_ex.c.o
                0x0801e4ac                HAL_PCDEx_SetTxFiFo
                0x0801e4f4                HAL_PCDEx_SetRxFiFo
 .text          0x0801e4fc      0x200 build/stm32f4xx_hal_pwr.c.o
                0x0801e4fc                HAL_PWR_DeInit
                0x0801e514                HAL_PWR_EnableBkUpAccess
                0x0801e530                HAL_PWR_DisableBkUpAccess
                0x0801e54c                HAL_PWR_ConfigPVD
                0x0801e5c4                HAL_PWR_EnablePVD
                0x0801e5e0                HAL_PWR_DisablePVD
                0x0801e5fc                HAL_PWR_EnableWakeUpPin
                0x0801e60c                HAL_PWR_DisableWakeUpPin
                0x0801e61c                HAL_PWR_EnterSLEEPMode
                0x0801e63c                HAL_PWR_EnterSTOPMode
                0x0801e67c                HAL_PWR_EnterSTANDBYMode
                0x0801e69c                HAL_PWR_PVDCallback
                0x0801e6a0                HAL_PWR_PVD_IRQHandler
                0x0801e6bc                HAL_PWR_EnableSleepOnExit
                0x0801e6cc                HAL_PWR_DisableSleepOnExit
                0x0801e6dc                HAL_PWR_EnableSEVOnPend
                0x0801e6ec                HAL_PWR_DisableSEVOnPend
 .text          0x0801e6fc        0x0 build/stm32f4xx_hal_dac.c.o
 .text          0x0801e6fc        0x0 build/stm32f4xx_hal_i2c_ex.c.o
 .text          0x0801e6fc        0x0 build/stm32f4xx_hal_can.c.o
 .text          0x0801e6fc      0x1a4 build/stm32f4xx_hal_rng.c.o
                0x0801e74c                HAL_RNG_MspInit
                0x0801e750                HAL_RNG_Init
                0x0801e794                HAL_RNG_MspDeInit
                0x0801e798                HAL_RNG_DeInit
                0x0801e7c0                HAL_RNG_GenerateRandomNumber
                0x0801e7cc                HAL_RNG_GenerateRandomNumber_IT
                0x0801e7fc                HAL_RNG_GetRandomNumber
                0x0801e81c                HAL_RNG_GetRandomNumber_IT
                0x0801e844                HAL_RNG_ReadLastRandomNumber
                0x0801e848                HAL_RNG_ReadyDataCallback
                0x0801e84c                HAL_RNG_ErrorCallback
                0x0801e850                HAL_RNG_IRQHandler
                0x0801e89c                HAL_RNG_GetState
 .text          0x0801e8a0      0xcac build/stm32f4xx_hal_uart.c.o
                0x0801ebe4                HAL_UART_Init
                0x0801ec44                HAL_HalfDuplex_Init
                0x0801ecac                HAL_LIN_Init
                0x0801ed28                HAL_MultiProcessor_Init
                0x0801edac                HAL_UART_MspDeInit
                0x0801edb0                HAL_UART_DeInit
                0x0801edd8                HAL_UART_Transmit
                0x0801ee7c                HAL_UART_Receive
                0x0801ef30                HAL_UART_Transmit_IT
                0x0801ef74                HAL_UART_Receive_IT
                0x0801efc8                HAL_UART_Transmit_DMA
                0x0801f054                HAL_UART_Receive_DMA
                0x0801f0d8                HAL_UART_DMAPause
                0x0801f12c                HAL_UART_DMAResume
                0x0801f194                HAL_UART_DMAStop
                0x0801f1f8                HAL_UART_TxHalfCpltCallback
                0x0801f208                HAL_UART_RxCpltCallback
                0x0801f234                HAL_UART_RxHalfCpltCallback
                0x0801f244                HAL_UART_ErrorCallback
                0x0801f26c                HAL_UART_IRQHandler
                0x0801f430                HAL_LIN_SendBreak
                0x0801f464                HAL_MultiProcessor_EnterMuteMode
                0x0801f498                HAL_MultiProcessor_ExitMuteMode
                0x0801f4cc                HAL_HalfDuplex_EnableTransmitter
                0x0801f504                HAL_HalfDuplex_EnableReceiver
                0x0801f53c                HAL_UART_GetState
                0x0801f548                HAL_UART_GetError
 .text          0x0801f54c        0x0 build/stm32f4xx_hal_fmpi2c_ex.c.o
 .text          0x0801f54c      0x300 build/stm32f4xx_hal_flash_ex.c.o
                0x0801f54c                HAL_FLASHEx_OBProgram
                0x0801f61c                HAL_FLASHEx_OBGetConfig
                0x0801f660                FLASH_Erase_Sector
                0x0801f6b4                HAL_FLASHEx_Erase_IT
                0x0801f730                FLASH_FlushCaches
                0x0801f788                HAL_FLASHEx_Erase
 .text          0x0801f84c        0x0 build/stm32f4xx_hal_ltdc_ex.c.o
 .text          0x0801f84c      0x328 build/stm32f4xx_hal_sram.c.o
                0x0801f84c                HAL_SRAM_DMA_XferCpltCallback
                0x0801f850                HAL_SRAM_DMA_XferErrorCallback
                0x0801f858                HAL_SRAM_Init
                0x0801f8b4                HAL_SRAM_DeInit
                0x0801f8d0                HAL_SRAM_Read_8b
                0x0801f910                HAL_SRAM_Write_8b
                0x0801f95c                HAL_SRAM_Read_16b
                0x0801f998                HAL_SRAM_Write_16b
                0x0801f9e4                HAL_SRAM_Read_32b
                0x0801fa20                HAL_SRAM_Write_32b
                0x0801fa6c                HAL_SRAM_Read_DMA
                0x0801fab0                HAL_SRAM_Write_DMA
                0x0801fb0c                HAL_SRAM_WriteOperation_Enable
                0x0801fb38                HAL_SRAM_WriteOperation_Disable
                0x0801fb6c                HAL_SRAM_GetState
 .text          0x0801fb74     0x1868 build/stm32f4xx_hal_sd.c.o
                0x0801ff30                HAL_SD_MspInit
                0x0801ff34                HAL_SD_MspDeInit
                0x0801ff38                HAL_SD_DeInit
                0x0801ff4c                HAL_SD_ReadBlocks_DMA
                0x08020058                HAL_SD_WriteBlocks_DMA
                0x08020150                HAL_SD_Erase
                0x08020280                HAL_SD_XferCpltCallback
                0x08020284                HAL_SD_XferErrorCallback
                0x08020288                HAL_SD_IRQHandler
                0x08020328                HAL_SD_DMA_RxCpltCallback
                0x08020348                HAL_SD_DMA_RxErrorCallback
                0x08020358                HAL_SD_DMA_TxCpltCallback
                0x08020378                HAL_SD_DMA_TxErrorCallback
                0x08020388                HAL_SD_Get_CardInfo
                0x0802061c                HAL_SD_Init
                0x08020a00                HAL_SD_WideBusOperation_Config
                0x08020b4c                HAL_SD_StopTransfer
                0x08020b7c                HAL_SD_ReadBlocks
                0x08020d30                HAL_SD_WriteBlocks
                0x08020f2c                HAL_SD_CheckReadOperation
                0x08020fe8                HAL_SD_CheckWriteOperation
                0x080210c4                HAL_SD_HighSpeed
                0x0802120c                HAL_SD_SendSDStatus
                0x08021344                HAL_SD_GetStatus
                0x0802135c                HAL_SD_GetCardStatus
 .text          0x080213dc        0x0 build/stm32f4xx_hal_pccard.c.o
 .text          0x080213dc        0x0 build/stm32f4xx_hal_hash.c.o
 .text          0x080213dc       0x8c build/stm32f4xx_hal_dcmi_ex.c.o
                0x080213dc                HAL_DCMI_Init
 .text          0x08021468       0xe8 build/stm32f4xx_ll_sdmmc.c.o
                0x08021468                SDIO_Init
                0x0802149c                SDIO_ReadFIFO
                0x080214a4                SDIO_WriteFIFO
                0x080214b0                SDIO_PowerState_ON
                0x080214b8                SDIO_PowerState_OFF
                0x080214c0                SDIO_GetPowerState
                0x080214c8                SDIO_SendCommand
                0x080214f0                SDIO_GetCommandResponse
                0x080214f8                SDIO_GetResponse
                0x08021510                SDIO_DataConfig
                0x08021538                SDIO_GetDataCounter
                0x0802153c                SDIO_GetFIFOCount
                0x08021544                SDIO_SetSDIOReadWaitMode
 .text          0x08021550      0x198 build/stm32f4xx_hal.c.o
                0x08021558                HAL_DeInit
                0x080215ac                HAL_Init
                0x080215d8                HAL_IncTick
                0x080215e8                HAL_GetTick
                0x080215f4                HAL_Delay
                0x08021630                HAL_GetHalVersion
                0x08021638                HAL_GetREVID
                0x08021644                HAL_GetDEVID
                0x08021654                HAL_DBGMCU_EnableDBGSleepMode
                0x08021664                HAL_DBGMCU_DisableDBGSleepMode
                0x08021674                HAL_DBGMCU_EnableDBGStopMode
                0x08021684                HAL_DBGMCU_DisableDBGStopMode
                0x08021694                HAL_DBGMCU_EnableDBGStandbyMode
                0x080216a4                HAL_DBGMCU_DisableDBGStandbyMode
                0x080216b4                HAL_EnableCompensationCell
                0x080216cc                HAL_DisableCompensationCell
 .text          0x080216e8      0x840 build/stm32f4xx_hal_i2s.c.o
                0x080216e8                HAL_I2S_MspInit
                0x080217b8                HAL_I2S_MspDeInit
                0x080217bc                HAL_I2S_DeInit
                0x080217e0                HAL_I2S_Transmit_IT
                0x08021858                HAL_I2S_Receive_IT
                0x080218d0                HAL_I2S_Transmit_DMA
                0x0802196c                HAL_I2S_Receive_DMA
                0x08021b6c                HAL_I2S_TxHalfCpltCallback
                0x08021b70                I2S_DMATxHalfCplt
                0x08021b7c                HAL_I2S_TxCpltCallback
                0x08021b80                HAL_I2S_RxHalfCpltCallback
                0x08021b84                I2S_DMARxHalfCplt
                0x08021b90                HAL_I2S_RxCpltCallback
                0x08021b94                HAL_I2S_ErrorCallback
                0x08021b98                I2S_DMAError
                0x08021bb8                HAL_I2S_GetState
                0x08021bc0                HAL_I2S_GetError
                0x08021bc4                I2S_Transmit_IT
                0x08021c1c                I2S_Receive_IT
                0x08021d34                I2S_WaitFlagStateUntilTimeout
                0x08021da4                HAL_I2S_Transmit
                0x08021e6c                HAL_I2S_Receive
 .text          0x08021f28        0x0 build/stm32f4xx_hal_wwdg.c.o
 .text          0x08021f28        0x0 build/stm32f4xx_hal_iwdg.c.o
 .text          0x08021f28      0x134 build/stm32f4xx_hal_pwr_ex.c.o
                0x08021f28                HAL_PWREx_EnableBkUpReg
                0x08021f6c                HAL_PWREx_DisableBkUpReg
                0x08021fb0                HAL_PWREx_EnableFlashPowerDown
                0x08021fcc                HAL_PWREx_DisableFlashPowerDown
                0x08021fe8                HAL_PWREx_GetVoltageRange
                0x08021ff8                HAL_PWREx_ControlVoltageScaling
 .text          0x0802205c        0x0 build/stm32f4xx_hal_eth.c.o
 .text          0x0802205c        0x0 build/stm32f4xx_hal_dma2d.c.o
 .text          0x0802205c        0x0 build/stm32f4xx_hal_crc.c.o
 .text          0x0802205c        0x0 build/stm32f4xx_hal_spdifrx.c.o
 .text          0x0802205c        0x0 build/stm32f4xx_hal_rtc_ex.c.o
 .text          0x0802205c        0x0 build/stm32f4xx_hal_cec.c.o
 .text          0x0802205c      0x444 build/stm32f4xx_hal_dcmi.c.o
                0x080220e0                HAL_DCMI_MspInit
                0x08022178                HAL_DCMI_MspDeInit
                0x0802217c                HAL_DCMI_DeInit
                0x08022194                HAL_DCMI_Start_DMA
                0x08022274                HAL_DCMI_Stop
                0x080222e4                HAL_DCMI_ErrorCallback
                0x080222f8                HAL_DCMI_LineEventCallback
                0x080222fc                HAL_DCMI_VsyncEventCallback
                0x08022300                HAL_DCMI_FrameEventCallback
                0x08022304                HAL_DCMI_IRQHandler
                0x080223e4                HAL_DCMI_ConfigCROP
                0x08022424                HAL_DCMI_DisableCROP
                0x0802245c                HAL_DCMI_EnableCROP
                0x08022494                HAL_DCMI_GetState
                0x0802249c                HAL_DCMI_GetError
 .text          0x080224a0        0x0 build/stm32f4xx_hal_lptim.c.o
 .text          0x080224a0        0x0 build/stm32f4xx_hal_irda.c.o
 .text          0x080224a0      0x39c build/stm32f4xx_ll_fsmc.c.o
                0x080224a0                FSMC_NORSRAM_Init
                0x08022518                FSMC_NORSRAM_DeInit
                0x08022550                FSMC_NORSRAM_Timing_Init
                0x08022590                FSMC_NORSRAM_Extended_Timing_Init
                0x080225d8                FSMC_NORSRAM_WriteOperation_Enable
                0x080225ec                FSMC_NORSRAM_WriteOperation_Disable
                0x08022600                FSMC_NAND_Init
                0x08022654                FSMC_NAND_CommonSpace_Timing_Init
                0x08022690                FSMC_NAND_AttributeSpace_Timing_Init
                0x080226cc                FSMC_NAND_DeInit
                0x08022714                FSMC_NAND_ECC_Enable
                0x08022730                FSMC_NAND_ECC_Disable
                0x0802274c                FSMC_NAND_GetECC
                0x0802279c                FSMC_PCCARD_Init
                0x080227c4                FSMC_PCCARD_CommonSpace_Timing_Init
                0x080227e0                FSMC_PCCARD_AttributeSpace_Timing_Init
                0x080227fc                FSMC_PCCARD_IOSpace_Timing_Init
                0x08022818                FSMC_PCCARD_DeInit
 .text          0x0802283c      0xd3c build/stm32f4xx_hal_i2s_ex.c.o
                0x0802283c                I2S_DMATxCplt
                0x080228b8                I2S_DMARxCplt
                0x08022974                HAL_I2S_Init
                0x08022af8                HAL_I2SEx_TransmitReceive
                0x08022ce4                HAL_I2SEx_TransmitReceive_IT
                0x08022e1c                HAL_I2SEx_TransmitReceive_DMA
                0x08022fd4                HAL_I2S_DMAPause
                0x08023088                HAL_I2S_DMAResume
                0x08023134                HAL_I2S_DMAStop
                0x080231e4                I2SEx_TransmitReceive_IT
                0x08023338                HAL_I2S_IRQHandler
                0x0802355c                I2S_GetInputClock
 .text          0x08023578     0x1498 build/stm32f4xx_ll_usb.c.o
                0x080235ac                USB_CoreInit
                0x08023624                USB_EnableGlobalInt
                0x08023634                USB_DisableGlobalInt
                0x08023644                USB_SetCurrentMode
                0x08023678                USB_DevInit
                0x080237ec                USB_FlushTxFifo
                0x08023810                USB_FlushRxFifo
                0x08023830                USB_SetDevSpeed
                0x08023840                USB_GetDevSpeed
                0x08023878                USB_ActivateEndpoint
                0x08023908                USB_ActivateDedicatedEndpoint
                0x080239ec                USB_DeactivateEndpoint
                0x08023a70                USB_DeactivateDedicatedEndpoint
                0x08023ad0                USB_EPStartXfer
                0x08023d3c                USB_EP0StartXfer
                0x08023eb0                USB_WritePacket
                0x08023edc                USB_ReadPacket
                0x08023f00                USB_EPSetStall
                0x08023f40                USB_EPClearStall
                0x08023f7c                USB_StopDevice
                0x08023fe0                USB_SetDevAddress