Archive member included because of file (symbol)

/home/andrew/bin/gcc-arm/bin/../lib/gcc/arm-none-eabi/4.9.3/armv7e-m/libgcc.a(_arm_addsubdf3.o)
                              build/seq_ctrl.c.o (__aeabi_dadd)
/home/andrew/bin/gcc-arm/bin/../lib/gcc/arm-none-eabi/4.9.3/armv7e-m/libgcc.a(_arm_muldivdf3.o)
                              build/seq_ctrl.c.o (__aeabi_dmul)
/home/andrew/bin/gcc-arm/bin/../lib/gcc/arm-none-eabi/4.9.3/armv7e-m/libgcc.a(_arm_cmpdf2.o)
                              build/song.c.o (__aeabi_dcmpgt)
/home/andrew/bin/gcc-arm/bin/../lib/gcc/arm-none-eabi/4.9.3/armv7e-m/libgcc.a(_arm_truncdfsf2.o)
                              build/seq_ctrl.c.o (__aeabi_d2f)
/home/andrew/bin/gcc-arm/bin/../lib/gcc/arm-none-eabi/4.9.3/armv7e-m/libgcc.a(_arm_addsubsf3.o)
                              build/ioctl.c.o (__aeabi_i2f)
/home/andrew/bin/gcc-arm/bin/../lib/gcc/arm-none-eabi/4.9.3/armv7e-m/libgcc.a(_arm_muldivsf3.o)
                              build/ioctl.c.o (__aeabi_fmul)
/home/andrew/bin/gcc-arm/bin/../lib/gcc/arm-none-eabi/4.9.3/armv7e-m/libgcc.a(_arm_cmpsf2.o)
                              build/song.c.o (__aeabi_fcmplt)
/home/andrew/bin/gcc-arm/bin/../lib/gcc/arm-none-eabi/4.9.3/armv7e-m/libgcc.a(_arm_fixsfsi.o)
                              build/ioctl.c.o (__aeabi_f2iz)
/home/andrew/bin/gcc-arm/bin/../lib/gcc/arm-none-eabi/4.9.3/armv7e-m/libgcc.a(_fixunsdfdi.o)
                              build/clock.c.o (__aeabi_d2ulz)
/home/andrew/bin/gcc-arm/bin/../lib/gcc/arm-none-eabi/4.9.3/armv7e-m/libgcc.a(_arm_fixunsdfsi.o)
                              /home/andrew/bin/gcc-arm/bin/../lib/gcc/arm-none-eabi/4.9.3/armv7e-m/libgcc.a(_fixunsdfdi.o) (__aeabi_d2uiz)
/home/andrew/bin/gcc-arm/bin/../lib/gcc/arm-none-eabi/4.9.3/../../../../arm-none-eabi/lib/armv7e-m/libc.a(lib_a-exit.o)
                              /home/andrew/bin/gcc-arm/bin/../lib/gcc/arm-none-eabi/4.9.3/../../../../arm-none-eabi/lib/armv7e-m/crt0.o (exit)
/home/andrew/bin/gcc-arm/bin/../lib/gcc/arm-none-eabi/4.9.3/../../../../arm-none-eabi/lib/armv7e-m/libc.a(lib_a-impure.o)
                              /home/andrew/bin/gcc-arm/bin/../lib/gcc/arm-none-eabi/4.9.3/../../../../arm-none-eabi/lib/armv7e-m/libc.a(lib_a-exit.o) (_global_impure_ptr)
/home/andrew/bin/gcc-arm/bin/../lib/gcc/arm-none-eabi/4.9.3/../../../../arm-none-eabi/lib/armv7e-m/libc.a(lib_a-init.o)
                              /home/andrew/bin/gcc-arm/bin/../lib/gcc/arm-none-eabi/4.9.3/../../../../arm-none-eabi/lib/armv7e-m/crt0.o (__libc_init_array)
/home/andrew/bin/gcc-arm/bin/../lib/gcc/arm-none-eabi/4.9.3/../../../../arm-none-eabi/lib/armv7e-m/libc.a(lib_a-malloc.o)
                              build/usbd_midi.c.o (malloc)
/home/andrew/bin/gcc-arm/bin/../lib/gcc/arm-none-eabi/4.9.3/../../../../arm-none-eabi/lib/armv7e-m/libc.a(lib_a-mallocr.o)
                              /home/andrew/bin/gcc-arm/bin/../lib/gcc/arm-none-eabi/4.9.3/../../../../arm-none-eabi/lib/armv7e-m/libc.a(lib_a-malloc.o) (_malloc_r)
/home/andrew/bin/gcc-arm/bin/../lib/gcc/arm-none-eabi/4.9.3/../../../../arm-none-eabi/lib/armv7e-m/libc.a(lib_a-memcpy.o)
                              build/gui.c.o (memcpy)
/home/andrew/bin/gcc-arm/bin/../lib/gcc/arm-none-eabi/4.9.3/../../../../arm-none-eabi/lib/armv7e-m/libc.a(lib_a-memset.o)
                              /home/andrew/bin/gcc-arm/bin/../lib/gcc/arm-none-eabi/4.9.3/../../../../arm-none-eabi/lib/armv7e-m/crt0.o (memset)
/home/andrew/bin/gcc-arm/bin/../lib/gcc/arm-none-eabi/4.9.3/../../../../arm-none-eabi/lib/armv7e-m/libc.a(lib_a-mlock.o)
                              /home/andrew/bin/gcc-arm/bin/../lib/gcc/arm-none-eabi/4.9.3/../../../../arm-none-eabi/lib/armv7e-m/libc.a(lib_a-mallocr.o) (__malloc_lock)
/home/andrew/bin/gcc-arm/bin/../lib/gcc/arm-none-eabi/4.9.3/../../../../arm-none-eabi/lib/armv7e-m/libc.a(lib_a-printf.o)
                              build/log.c.o (printf)
/home/andrew/bin/gcc-arm/bin/../lib/gcc/arm-none-eabi/4.9.3/../../../../arm-none-eabi/lib/armv7e-m/libc.a(lib_a-rand.o)
                              build/main.c.o (srand)
/home/andrew/bin/gcc-arm/bin/../lib/gcc/arm-none-eabi/4.9.3/../../../../arm-none-eabi/lib/armv7e-m/libc.a(lib_a-sbrkr.o)
                              /home/andrew/bin/gcc-arm/bin/../lib/gcc/arm-none-eabi/4.9.3/../../../../arm-none-eabi/lib/armv7e-m/libc.a(lib_a-mallocr.o) (_sbrk_r)
/home/andrew/bin/gcc-arm/bin/../lib/gcc/arm-none-eabi/4.9.3/../../../../arm-none-eabi/lib/armv7e-m/libc.a(lib_a-sprintf.o)
                              build/gui.c.o (sprintf)
/home/andrew/bin/gcc-arm/bin/../lib/gcc/arm-none-eabi/4.9.3/../../../../arm-none-eabi/lib/armv7e-m/libc.a(lib_a-strcmp.o)
                              build/gui.c.o (strcmp)
/home/andrew/bin/gcc-arm/bin/../lib/gcc/arm-none-eabi/4.9.3/../../../../arm-none-eabi/lib/armv7e-m/libc.a(lib_a-strcpy.o)
                              build/gui.c.o (strcpy)
[...]
Memory Configuration

Name             Origin             Length             Attributes
VECTOR           0x08000000         0x00004000         xr
FLASH            0x08004000         0x0007c000         xr
RAM              0x20000000         0x00020000         xrw
CCMRAM           0x10000000         0x00010000         rw
*default*        0x00000000         0xffffffff

Linker script and memory map

LOAD /home/andrew/bin/gcc-arm/bin/../lib/gcc/arm-none-eabi/4.9.3/armv7e-m/crti.o
LOAD /home/andrew/bin/gcc-arm/bin/../lib/gcc/arm-none-eabi/4.9.3/armv7e-m/crtbegin.o
LOAD /home/andrew/bin/gcc-arm/bin/../lib/gcc/arm-none-eabi/4.9.3/../../../../arm-none-eabi/lib/armv7e-m/crt0.o
LOAD build/usbh_pipes.c.o
LOAD build/usbh_ctlreq.c.o
LOAD build/usbh_ioreq.c.o
LOAD build/usbh_core.c.o
LOAD build/usbd_ioreq.c.o
LOAD build/usbd_core.c.o
LOAD build/usbd_ctlreq.c.o
LOAD build/usbd_midi.c.o
LOAD build/usbd_conf.c.o
LOAD build/power_ctrl.c.o
LOAD build/stm32f4xx_it.c.o
LOAD build/main.c.o
LOAD build/switch_filter.c.o
LOAD build/panel_if.c.o
LOAD build/analog_out.c.o
LOAD build/debug.c.o
LOAD build/cvproc.c.o
LOAD build/stm32f4xx_hal_msp.c.o
LOAD build/gfx.c.o
LOAD build/ioctl.c.o
LOAD build/lcd_fsmc_if.c.o
LOAD build/ILI948x_drv.c.o
LOAD build/font_sinclair_8x8.c.o
LOAD build/font_system_8x12.c.o
LOAD build/gui.c.o
LOAD build/panel_menu.c.o
LOAD build/panel.c.o
LOAD build/step_edit.c.o
LOAD build/song_edit.c.o
LOAD build/config_store.c.o
LOAD build/midi_stream.c.o
LOAD build/midi_utils.c.o
LOAD build/log.c.o
LOAD build/time_utils.c.o
LOAD build/panel_utils.c.o
LOAD build/state_change.c.o
LOAD build/seq_utils.c.o
LOAD build/system_stm32f4xx.c.o
LOAD build/startup_stm32f407xx.s.o
LOAD build/lcd_drv.c.o
LOAD build/spi_flash.c.o
LOAD build/iface_midi_router.c.o
LOAD build/iface_panel.c.o
LOAD build/usbh_midi.c.o
LOAD build/usbh_conf.c.o
LOAD build/delay.c.o
LOAD build/metronome.c.o
LOAD build/sysex.c.o
LOAD build/midi_ctrl.c.o
LOAD build/pattern.c.o
LOAD build/arp.c.o
LOAD build/seq_ctrl.c.o
LOAD build/arp_progs.c.o
LOAD build/clock.c.o
LOAD build/clock_out.c.o
LOAD build/scale.c.o
LOAD build/seq_engine.c.o
LOAD build/song.c.o
LOAD build/outproc.c.o
LOAD build/spi_callbacks.c.o
LOAD build/ext_flash.c.o
LOAD build/din_midi.c.o
LOAD build/stm32f4xx_hal_dma_ex.c.o
LOAD build/stm32f4xx_hal_sai.c.o
LOAD build/stm32f4xx_hal_timebase_tim_template.c.o
LOAD build/stm32f4xx_hal_fmpi2c.c.o
LOAD build/stm32f4xx_hal_hcd.c.o
LOAD build/stm32f4xx_hal_nor.c.o
LOAD build/stm32f4xx_hal_smartcard.c.o
LOAD build/stm32f4xx_hal_hash_ex.c.o
LOAD build/stm32f4xx_hal_adc_ex.c.o
LOAD build/stm32f4xx_hal_spi.c.o
LOAD build/stm32f4xx_hal_tim_ex.c.o
LOAD build/stm32f4xx_hal_ltdc.c.o
LOAD build/stm32f4xx_hal_qspi.c.o
LOAD build/stm32f4xx_hal_nand.c.o
LOAD build/stm32f4xx_hal_tim.c.o
LOAD build/stm32f4xx_hal_dsi.c.o
LOAD build/stm32f4xx_hal_cryp_ex.c.o
LOAD build/stm32f4xx_ll_fmc.c.o
LOAD build/stm32f4xx_hal_pcd.c.o
LOAD build/stm32f4xx_hal_gpio.c.o
LOAD build/stm32f4xx_hal_pcd_ex.c.o
LOAD build/stm32f4xx_hal_pwr.c.o
LOAD build/stm32f4xx_hal_dac.c.o
LOAD build/stm32f4xx_hal_i2c_ex.c.o
LOAD build/stm32f4xx_hal_can.c.o
LOAD build/stm32f4xx_hal_rng.c.o
LOAD build/stm32f4xx_hal_uart.c.o
LOAD build/stm32f4xx_hal_fmpi2c_ex.c.o
LOAD build/stm32f4xx_hal_flash_ex.c.o
LOAD build/stm32f4xx_hal_ltdc_ex.c.o
LOAD build/stm32f4xx_hal_sram.c.o
LOAD build/stm32f4xx_hal_sd.c.o
LOAD build/stm32f4xx_hal_pccard.c.o
LOAD build/stm32f4xx_hal_hash.c.o
LOAD build/stm32f4xx_hal_dcmi_ex.c.o
LOAD build/stm32f4xx_ll_sdmmc.c.o
LOAD build/stm32f4xx_hal.c.o
LOAD build/stm32f4xx_hal_i2s.c.o
LOAD build/stm32f4xx_hal_wwdg.c.o
LOAD build/stm32f4xx_hal_iwdg.c.o
LOAD build/stm32f4xx_hal_pwr_ex.c.o
LOAD build/stm32f4xx_hal_eth.c.o
LOAD build/stm32f4xx_hal_dma2d.c.o
LOAD build/stm32f4xx_hal_crc.c.o
LOAD build/stm32f4xx_hal_spdifrx.c.o
LOAD build/stm32f4xx_hal_rtc_ex.c.o
LOAD build/stm32f4xx_hal_cec.c.o
LOAD build/stm32f4xx_hal_dcmi.c.o
LOAD build/stm32f4xx_hal_lptim.c.o
LOAD build/stm32f4xx_hal_irda.c.o
LOAD build/stm32f4xx_ll_fsmc.c.o
LOAD build/stm32f4xx_hal_i2s_ex.c.o
LOAD build/stm32f4xx_ll_usb.c.o
LOAD build/stm32f4xx_hal_sdram.c.o
LOAD build/stm32f4xx_hal_rcc_ex.c.o
LOAD build/stm32f4xx_hal_sai_ex.c.o
LOAD build/stm32f4xx_hal_dma.c.o
LOAD build/stm32f4xx_hal_rcc.c.o
LOAD build/stm32f4xx_hal_cortex.c.o
LOAD build/stm32f4xx_hal_i2c.c.o
LOAD build/stm32f4xx_hal_rtc.c.o
LOAD build/stm32f4xx_hal_cryp.c.o
LOAD build/stm32f4xx_hal_dac_ex.c.o
LOAD build/stm32f4xx_hal_flash.c.o
LOAD build/stm32f4xx_hal_adc.c.o
LOAD build/stm32f4xx_hal_flash_ramfunc.c.o
LOAD build/stm32f4xx_hal_usart.c.o
START GROUP
LOAD /home/andrew/bin/gcc-arm/bin/../lib/gcc/arm-none-eabi/4.9.3/armv7e-m/libgcc.a
LOAD /home/andrew/bin/gcc-arm/bin/../lib/gcc/arm-none-eabi/4.9.3/../../../../arm-none-eabi/lib/armv7e-m/libc.a
END GROUP
START GROUP
LOAD /home/andrew/bin/gcc-arm/bin/../lib/gcc/arm-none-eabi/4.9.3/armv7e-m/libgcc.a
LOAD /home/andrew/bin/gcc-arm/bin/../lib/gcc/arm-none-eabi/4.9.3/../../../../arm-none-eabi/lib/armv7e-m/libc.a
LOAD /home/andrew/bin/gcc-arm/bin/../lib/gcc/arm-none-eabi/4.9.3/../../../../arm-none-eabi/lib/armv7e-m/libnosys.a
END GROUP
LOAD /home/andrew/bin/gcc-arm/bin/../lib/gcc/arm-none-eabi/4.9.3/armv7e-m/crtend.o
LOAD /home/andrew/bin/gcc-arm/bin/../lib/gcc/arm-none-eabi/4.9.3/armv7e-m/crtn.o
                0x2001ffff                //_estack = 0x2001ffff
                0x1000ffff                _estack = 0x1000ffff
                0x00000200                _Min_Heap_Size = 0x200
                0x00000400                _Min_Stack_Size = 0x400

.isr_vector     0x08000000      0x188
                0x08000000                . = ALIGN (0x4)
 *(.isr_vector)
 .isr_vector    0x08000000      0x188 build/startup_stm32f407xx.s.o
                0x08000000                g_pfnVectors
                0x08000188                . = ALIGN (0x4)

.text           0x08004000    0x2f564
                0x08004000                . = ALIGN (0x4)
 *(.text)
 .text          0x08004000        0x0 /home/andrew/bin/gcc-arm/bin/../lib/gcc/arm-none-eabi/4.9.3/armv7e-m/crti.o
 .text          0x08004000       0x5c /home/andrew/bin/gcc-arm/bin/../lib/gcc/arm-none-eabi/4.9.3/armv7e-m/crtbegin.o
 .text          0x0800405c       0x74 /home/andrew/bin/gcc-arm/bin/../lib/gcc/arm-none-eabi/4.9.3/../../../../arm-none-eabi/lib/armv7e-m/crt0.o
                0x0800405c                _mainCRTStartup
                0x0800405c                _start
 .text          0x080040d0       0x74 build/usbh_pipes.c.o
                0x080040d0                USBH_OpenPipe
                0x080040f0                USBH_ClosePipe
                0x080040fc                USBH_AllocPipe
                0x0800412c                USBH_FreePipe
 .text          0x08004144      0x4dc build/usbh_ctlreq.c.o
                0x08004144                USBH_GetNextDesc
                0x08004154                USBH_CtlReq
                0x08004304                USBH_GetDescriptor
                0x0800433c                USBH_Get_DevDesc
                0x080043f8                USBH_Get_CfgDesc
                0x08004540                USBH_Get_StringDesc
                0x08004594                USBH_SetAddress
                0x080045b0                USBH_SetCfg
                0x080045cc                USBH_SetInterface
                0x080045f4                USBH_ClrFeature
 .text          0x08004620      0x13c build/usbh_ioreq.c.o
                0x08004620                USBH_CtlSendSetup
                0x08004640                USBH_CtlSendData
                0x0800466c                USBH_CtlReceiveData
                0x0800468c                USBH_BulkSendData
                0x080046b8                USBH_BulkReceiveData
                0x080046d8                USBH_InterruptReceiveData
                0x080046f8                USBH_InterruptSendData
                0x08004718                USBH_IsocReceiveData
                0x08004738                USBH_IsocSendData
 .text          0x0800475c      0x55c build/usbh_core.c.o
                0x0800475c                USBH_Init
                0x080047c4                USBH_DeInit
                0x08004820                USBH_RegisterClass
                0x08004844                USBH_SelectInterface
                0x08004858                USBH_GetActiveClass
                0x08004860                USBH_FindInterface
                0x080048a4                USBH_FindInterfaceIndex
                0x080048d4                USBH_Start
                0x080048e8                USBH_Stop
                0x0800490c                USBH_ReEnumerate
                0x08004970                USBH_Process
                0x08004c30                USBH_LL_SetTimer
                0x08004c38                USBH_LL_IncTimer
                0x08004c58                USBH_LL_Connect
                0x08004c80                USBH_LL_Disconnect
 .text          0x08004cb8       0x98 build/usbd_ioreq.c.o
                0x08004cb8                USBD_CtlSendData
                0x08004cd4                USBD_CtlContinueSendData
                0x08004ce4                USBD_CtlPrepareRx
                0x08004d04                USBD_CtlContinueRx
                0x08004d14                USBD_CtlSendStatus
                0x08004d2c                USBD_CtlReceiveStatus
                0x08004d44                USBD_GetRxCount
 .text          0x08004d50      0x2cc build/usbd_core.c.o
                0x08004d50                USBD_Init
                0x08004d7c                USBD_DeInit
                0x08004da0                USBD_RegisterClass
                0x08004db0                USBD_Start
                0x08004dbc                USBD_Stop
                0x08004dd4                USBD_RunTestMode
                0x08004dd8                USBD_SetClassConfig
                0x08004dec                USBD_ClrClassConfig
                0x08004dfc                USBD_LL_SetupStage
                0x08004e5c                USBD_LL_DataOutStage
                0x08004ec8                USBD_LL_DataInStage
                0x08004f6c                USBD_LL_Reset
                0x08004fac                USBD_LL_SetSpeed
                0x08004fb4                USBD_LL_Suspend
                0x08004fc8                USBD_LL_Resume
                0x08004fd8                USBD_LL_SOF
                0x08004ff8                USBD_LL_IsoINIncomplete
                0x08004ffc                USBD_LL_IsoOUTIncomplete
                0x08005000                USBD_LL_DevConnected
                0x08005004                USBD_LL_DevDisconnected
 .text          0x0800501c      0x44c build/usbd_ctlreq.c.o
                0x0800501c                USBD_StdDevReq
                0x080052d0                USBD_StdItfReq
                0x0800530c                USBD_StdEPReq
                0x080053dc                USBD_ParseSetupRequest
                0x08005404                USBD_CtlError
                0x0800541c                USBD_GetString
 .text          0x08005468      0x508 build/usbd_midi.c.o
                0x08005478                USBD_MIDI_DeviceDescriptor
                0x08005484                USBD_MIDI_LangIDStrDescriptor
                0x080054c4                USBD_MIDI_SerialStrDescriptor
                0x08005688                USBD_MIDI_ManufacturerStrDescriptor
                0x080056a4                USBD_MIDI_ProductStrDescriptor
                0x080056c0                USBD_MIDI_ConfigStrDescriptor
                0x080056dc                USBD_MIDI_InterfaceStrDescriptor
                0x080056f8                usbd_midi_init
                0x08005738                usbd_midi_timer_task
                0x080058b0                usbd_midi_prepare_in_ep
 .text          0x08005970      0x3f8 build/usbd_conf.c.o
                0x08005970                HAL_PCD_MspInit
                0x08005b58                HAL_PCD_MspDeInit
                0x08005b98                HAL_PCD_SetupStageCallback
                0x08005ba4                HAL_PCD_DataOutStageCallback
                0x08005bb8                HAL_PCD_DataInStageCallback
                0x08005bcc                HAL_PCD_SOFCallback
                0x08005bd4                HAL_PCD_ResetCallback
                0x08005bf4                HAL_PCD_SuspendCallback
                0x08005bfc                HAL_PCD_ResumeCallback
                0x08005c04                HAL_PCD_ISOOUTIncompleteCallback
                0x08005c0c                HAL_PCD_ISOINIncompleteCallback
                0x08005c14                HAL_PCD_ConnectCallback
                0x08005c1c                HAL_PCD_DisconnectCallback
                0x08005c24                USBD_LL_Init
                0x08005c7c                USBD_LL_DeInit
                0x08005c8c                USBD_LL_Start
                0x08005c9c                USBD_LL_Stop
                0x08005cac                USBD_LL_OpenEP
                0x08005cc0                USBD_LL_CloseEP
                0x08005cd0                USBD_LL_FlushEP
                0x08005ce0                USBD_LL_StallEP
                0x08005cf0                USBD_LL_ClearStallEP
                0x08005d00                USBD_LL_IsStallEP
                0x08005d28                USBD_LL_SetUSBAddress
                0x08005d38                USBD_LL_Transmit
                0x08005d48                USBD_LL_PrepareReceive
                0x08005d58                USBD_LL_GetRxDataSize
                0x08005d64                USBD_LL_Delay
 .text          0x08005d68      0x1d0 build/power_ctrl.c.o
                0x08005d68                power_ctrl_init
                0x08005d7c                power_ctrl_timer_task
                0x08005f20                power_ctrl_get_power_state
                0x08005f2c                power_ctrl_change_state
 .text          0x08005f38       0xd8 build/stm32f4xx_it.c.o
                0x08005f38                NMI_Handler
                0x08005f3c                HardFault_Handler
                0x08005f40                MemManage_Handler
                0x08005f44                BusFault_Handler
                0x08005f48                UsageFault_Handler
                0x08005f4c                SVC_Handler
                0x08005f50                DebugMon_Handler
                0x08005f54                PendSV_Handler
                0x08005f58                SysTick_Handler
                0x08005f6c                DMA2_Stream0_IRQHandler
                0x08005f78                SPI1_IRQHandler
                0x08005f84                SPI2_IRQHandler
                0x08005f90                DMA1_Stream5_IRQHandler
                0x08005f9c                DMA1_Stream0_IRQHandler
                0x08005fa8                DMA1_Stream4_IRQHandler
                0x08005fb4                DMA1_Stream2_IRQHandler
                0x08005fc0                UART4_IRQHandler
                0x08005fcc                DMA1_Stream6_IRQHandler
                0x08005fd8                USART2_IRQHandler
                0x08005fe4                OTG_FS_IRQHandler
                0x08005ff0                OTG_HS_IRQHandler
                0x08005ffc                TIM3_IRQHandler
 .text          0x08006010       0x88 build/main.c.o
                0x08006010                main_timer_task
 .text          0x08006098      0x310 build/switch_filter.c.o
                0x08006098                switch_filter_init
                0x08006100                switch_filter_set_encoder
                0x08006134                switch_filter_get_event
                0x08006160                switch_filter_handle_enc
                0x0800626c                switch_filter_set_val
 .text          0x080063a8      0x618 build/panel_if.c.o
                0x080063a8                panel_if_spi_txrx_cplt_cb
                0x080063b8                panel_if_spi_init_cb
                0x080064c0                panel_if_blink_led
                0x080064ec                panel_if_decode_led
                0x080065a4                panel_if_init
                0x080066a4                panel_if_timer_task
                0x08006944                panel_if_set_led
                0x08006968                panel_if_set_rgb
                0x080069b4                panel_if_write_pwm
 .text          0x080069c0      0x374 build/analog_out.c.o
                0x080069c0                aout_spi_tx_cplt_cb
                0x080069f0                aout_spi_init_cb
                0x08006ab8                analog_out_init
                0x08006b44                analog_out_set_cv
                0x08006b58                analog_out_set_gate
                0x08006b90                analog_out_set_clock
                0x08006bac                analog_out_set_reset
                0x08006bc8                analog_out_beep_metronome
                0x08006bdc                aout_update_dac
                0x08006c70                aout_update_gate
                0x08006cb0                analog_out_timer_task
 .text          0x08006d34      0x170 build/debug.c.o
                0x08006d34                debug_send_active_sensing
                0x08006d4c                _write
                0x08006de0                debug_set_pin
                0x08006e20                debug_init
 .text          0x08006ea4      0xa28 build/cvproc.c.o
                0x08006ea4                cvproc_set_bend_range
                0x08006ec0                cvproc_cc_handler
                0x08006f44                cvproc_set_note
                0x08006fa4                cvproc_set_velo
                0x08006fe4                cvproc_set_bend
                0x0800708c                cvproc_mono_handler
                0x08007280                cvproc_poly_handler
                0x08007430                cvproc_timer_task
                0x080074c4                cvproc_reset_state
                0x08007540                cvproc_set_pairs
                0x080075cc                cvproc_reset_pair
                0x08007750                cvproc_set_pair_mode
                0x0800778c                cvproc_build_scale
                0x08007800                cvproc_init
                0x0800785c                cvproc_set_output_scaling
                0x0800788c                cvproc_set_cvcal
 .text          0x080078cc       0x4c build/stm32f4xx_hal_msp.c.o
                0x080078cc                HAL_MspInit
                0x08007914                HAL_MspDeInit
 .text          0x08007918      0x204 build/gfx.c.o
                0x08007918                gfx_init
                0x08007924                gfx_close
                0x08007928                gfx_commit
                0x0800792c                gfx_init_lcd
                0x08007930                gfx_deinit_lcd
                0x08007934                gfx_clear_screen
                0x0800794c                gfx_get_screen_w
                0x08007954                gfx_get_screen_h
                0x0800795c                gfx_fill_rect
                0x080079b8                gfx_load_font
                0x080079bc                gfx_draw_string
                0x08007ad4                gfx_color_32to16
                0x08007aec                gfx_get_font_row
 .text          0x08007b1c      0x210 build/ioctl.c.o
                0x08007b1c                ioctl_init
                0x08007bdc                ioctl_timer_task
                0x08007c24                ioctl_set_analog_pwr_ctrl
                0x08007c34                ioctl_get_power_sw
                0x08007c4c                ioctl_get_dc_vsense
                0x08007c6c                HAL_ADC_MspInit
 .text          0x08007d2c      0x2cc build/lcd_fsmc_if.c.o
                0x08007d2c                lcd_fsmc_if_init
                0x08007d38                lcd_fsmc_if_init_if
                0x08007d9c                lcd_fsmc_if_deinit_if
                0x08007dc0                lcd_fsmc_if_write8
                0x08007e00                lcd_fsmc_if_read8
                0x08007e40                lcd_fsmc_if_write16
                0x08007ec0                HAL_SRAM_MspInit
                0x08007f5c                HAL_SRAM_MspDeInit
 .text          0x08007ff8      0x50c build/ILI948x_drv.c.o
                0x08007ff8                ILI948x_drv_init
                0x08008074                ILI948x_drv_deinit_LCD
                0x08008094                ILI948x_drv_send_pixels
                0x080080a0                ILI948x_drv_start_cmd
                0x080080b4                ILI948x_drv_add_cmd_data
                0x080080d4                ILI948x_drv_send_cmd
                0x080080fc                ILI948x_drv_set_xy
                0x0800819c                ILI948x_drv_clear
                0x08008228                ILI948x_drv_read_cmd
                0x0800824c                ILI948x_drv_get_id
                0x08008284                ILI948x_drv_init_LCD
 .text          0x08008504        0x0 build/font_sinclair_8x8.c.o
 .text          0x08008504        0x0 build/font_system_8x12.c.o
 .text          0x08008504     0x1940 build/gui.c.o
                0x08008504                gui_close
                0x08008508                gui_force_refresh
                0x08008518                gui_clear_screen
                0x08008520                gui_set_enable
                0x08008530                gui_set_lcd_power
                0x08008548                gui_grid_set_overlay_enable
                0x08008560                gui_grid_clear_overlay
                0x08008578                gui_grid_set_overlay_color
                0x080085c8                gui_draw_grid_bg
                0x080085e4                gui_draw_main_grid
                0x08008650                gui_draw_preview_grids
                0x080087dc                gui_draw_labels
                0x08008834                gui_refresh_task
                0x08008918                gui_set_label
                0x080089ec                gui_set_status_text
                0x080089f4                gui_set_menu_subtitle
                0x080089fc                gui_set_status_text_part
                0x08008aac                gui_set_menu_title
                0x08008ab8                gui_set_menu_prev_next
                0x08008afc                gui_set_menu_param
                0x08008b08                gui_set_menu_value
                0x08008b14                gui_set_label_highlight
                0x08008be0                gui_clear_status_text
                0x08008be8                gui_clear_status_text_all
                0x08008c04                gui_clear_menu
                0x08008c20                gui_set_status_highlight_part
                0x08008c5c                gui_set_menu_edit
                0x08008c74                gui_set_label_prefs
                0x08008ccc                gui_set_label_color
                0x08008d00                gui_calculate_motion_steps
                0x08008d40                gui_update_song
                0x08008d64                gui_update_tempo
                0x08008db8                gui_update_run_enable
                0x08008df4                gui_update_rec_mode
                0x08008e3c                gui_update_clock_source
                0x08008e9c                gui_update_live_mode
                0x08008f30                gui_update_keyboard_transpose
                0x08008f60                gui_update_track_mute
                0x08008fe8                gui_update_bias_track
                0x08009068                gui_update_track_transpose
                0x080090d8                gui_update_arp_enable
                0x08009124                gui_update_tonality
                0x0800919c                gui_update_motion_start
                0x08009224                gui_update_motion_length
                0x080092ac                gui_update_motion_dir
                0x08009318                gui_update_step_length
                0x08009388                gui_update_gate_time_override
                0x080093f8                gui_update_pattern_type
                0x08009434                gui_update_track_type
                0x080094a8                gui_update_first_track
                0x080095d4                gui_init
                0x08009a28                gui_update_track_select
                0x08009a74                gui_update_scene
                0x08009b24                gui_set_status_override
                0x08009b4c                gui_update_active_step
                0x08009b6c                gui_update_song_mode
                0x08009c10                gui_handle_state_change
 .text          0x08009e44     0x1068 build/panel_menu.c.o
                0x08009e44                panel_menu_init
                0x08009e80                panel_menu_get_mode
                0x08009e8c                panel_menu_update_prev_next
                0x08009eac                panel_menu_display_swing
                0x08009eec                panel_menu_display_tonality
                0x0800a060                panel_menu_display_arp
                0x0800a16c                panel_menu_display_load
                0x0800a224                panel_menu_display_save
                0x0800a2a4                panel_menu_display_midi
                0x0800a49c                panel_menu_display_sys
                0x0800a614                panel_menu_display_clock
                0x0800a754                panel_menu_update_display
                0x0800a7e0                panel_menu_set_mode
                0x0800a8d8                panel_menu_timer_task
                0x0800a8f0                panel_menu_adjust_cursor
                0x0800a920                panel_menu_track_select_changed
                0x0800a94c                panel_menu_handle_state_change
                0x0800abe4                panel_menu_edit_song
                0x0800abe8                panel_menu_edit_swing
                0x0800ac00                panel_menu_edit_tonality
                0x0800ac48                panel_menu_edit_arp
                0x0800ac88                panel_menu_edit_load
                0x0800aca8                panel_menu_edit_save
                0x0800acc8                panel_menu_edit_midi
                0x0800ad68                panel_menu_edit_sys
                0x0800add4                panel_menu_edit_clock
                0x0800ae58                panel_menu_adjust_value
 .text          0x0800aeac      0xd44 build/panel.c.o
                0x0800aeac                panel_handle_input
                0x0800aed0                panel_set_led
                0x0800af14                panel_blink_beat_led
                0x0800af2c                panel_set_bl_led
                0x0800af5c                panel_clear_leds
                0x0800af7c                panel_restore_leds
                0x0800af98                panel_handle_track_select
                0x0800b0a0                panel_handle_mute_select
                0x0800b0d4                panel_handle_reset
                0x0800b10c                panel_update_bl_display
                0x0800b1a8                panel_init
                0x0800b240                panel_update_arp_led
                0x0800b278                panel_update_song_led
                0x0800b2a4                panel_update_live_led
                0x0800b2e8                panel_update_dir_led
                0x0800b320                panel_update_record_led
                0x0800b370                panel_update_run_led
                0x0800b398                panel_update_track_led
                0x0800b3d4                panel_handle_state_change
                0x0800b4d8                panel_get_edit_mode
                0x0800b4f0                panel_handle_shift_double_tap
                0x0800b534                panel_handle_seq_input
                0x0800bb74                panel_handle_key_queue
                0x0800bbb8                panel_timer_task
 .text          0x0800bbf0      0xb10 build/step_edit.c.o
                0x0800bbf0                step_edit_init
                0x0800bc2c                step_edit_get_enable
                0x0800bc38                step_edit_update_display
                0x0800be84                step_edit_handle_input
                0x0800bfb0                step_edit_send_note_on
                0x0800bfe0                step_edit_send_note_off
                0x0800c010                step_edit_run
                0x0800c048                step_edit_stop_notes
                0x0800c07c                step_edit_clear_step
                0x0800c0b0                step_edit_send_cc
                0x0800c0e0                step_edit_play_step
                0x0800c170                step_edit_adjust_cursor
                0x0800c1cc                step_edit_set_enable
                0x0800c260                step_edit_timer_task
                0x0800c278                step_edit_handle_state_change
                0x0800c2a4                step_edit_adjust_ratchet_mode
                0x0800c2e8                step_edit_clear_recording_notes
                0x0800c30c                step_edit_add_recording_note
                0x0800c334                step_edit_remove_recording_note
                0x0800c354                step_edit_get_num_recording_notes
                0x0800c370                step_edit_does_step_contain_event
                0x0800c3bc                step_edit_adjust_step
                0x0800c65c                step_edit_adjust_note
                0x0800c688                step_edit_adjust_velocity
                0x0800c6b8                step_edit_adjust_gate_time
                0x0800c6e4                step_edit_adjust_start_delay
 .text          0x0800c700      0x288 build/song_edit.c.o
                0x0800c700                song_edit_init
                0x0800c714                song_edit_get_enable
                0x0800c720                song_edit_update_display
                0x0800c81c                song_edit_adjust_cursor
                0x0800c84c                song_edit_set_enable
                0x0800c8a0                song_edit_timer_task
                0x0800c8b8                song_edit_adjust_scene
                0x0800c8f8                song_edit_adjust_length
                0x0800c934                song_edit_adjust_kbtrans
                0x0800c970                song_edit_remove_step
 .text          0x0800c988      0x37c build/config_store.c.o
                0x0800c988                config_store_init
                0x0800c9b0                config_store_get_val
                0x0800c9c4                config_store_set_val
                0x0800c9e4                config_store_wipe_flash
                0x0800ca3c                config_store_load_start
                0x0800ca78                config_store_load_done
                0x0800cb0c                config_store_writeback_start
                0x0800cbb0                config_store_timer_task
                0x0800ccec                config_store_clear
 .text          0x0800cd04      0x4a8 build/midi_stream.c.o
                0x0800cd04                midi_stream_init
                0x0800cd34                midi_stream_send_msg
                0x0800cd80                midi_stream_send_sysex_msg
                0x0800cdfc                midi_stream_send_byte
                0x0800d11c                midi_stream_data_available
                0x0800d150                midi_stream_receive_msg
 .text          0x0800d1ac      0x37c build/midi_utils.c.o
                0x0800d1ac                midi_utils_rewrite_dest
                0x0800d1ec                midi_utils_rewrite_note_off
                0x0800d210                midi_utils_note_on_to_off
                0x0800d22c                midi_utils_copy_msg
                0x0800d248                midi_utils_compare_msg
                0x0800d27c                midi_utils_compare_note_msg
                0x0800d2c4                midi_utils_print_msg
                0x0800d2ec                midi_utils_is_sysex_msg
                0x0800d320                midi_utils_is_clock_msg
                0x0800d344                midi_utils_copy_event
                0x0800d368                midi_utils_enc_note_on
                0x0800d38c                midi_utils_enc_note_off
                0x0800d3b0                midi_utils_enc_key_pressure
                0x0800d3d4                midi_utils_enc_control_change
                0x0800d3f8                midi_utils_enc_program_change
                0x0800d418                midi_utils_enc_channel_pressure
                0x0800d438                midi_utils_enc_pitch_bend
                0x0800d460                midi_utils_enc_mtc_qframe
                0x0800d46c                midi_utils_enc_song_position
                0x0800d488                midi_utils_enc_song_select
                0x0800d4a0                midi_utils_enc_tune_request
                0x0800d4ac                midi_utils_enc_timing_tick
                0x0800d4b8                midi_utils_enc_clock_start
                0x0800d4c4                midi_utils_enc_clock_continue
                0x0800d4d0                midi_utils_enc_clock_stop
                0x0800d4dc                midi_utils_enc_active_sensing
                0x0800d4e8                midi_utils_enc_system_reset
                0x0800d4f4                midi_utils_enc_1byte
                0x0800d500                midi_utils_enc_2byte
                0x0800d514                midi_utils_enc_3byte
 .text          0x0800d528       0xdc build/log.c.o
                0x0800d528                log_init
                0x0800d52c                log_vstdout
                0x0800d550                log_debug
                0x0800d574                log_info
                0x0800d598                log_warn
                0x0800d5bc                log_vstderr
                0x0800d5e0                log_error
 .text          0x0800d604       0x18 build/time_utils.c.o
                0x0800d604                time_utils_get_btime
                0x0800d610                time_utils_set_btime
 .text          0x0800d61c      0x6ec build/panel_utils.c.o
                0x0800d61c                panel_utils_yesno_str
                0x0800d63c                panel_utils_onoff_str
                0x0800d65c                panel_utils_port_str
                0x0800d6e8                panel_utils_channel_str
                0x0800d780                panel_utils_note_to_name
                0x0800d974                panel_utils_key_split_str
                0x0800d9b8                panel_utils_step_len_to_str
                0x0800da70                panel_utils_clock_ppq_to_str
                0x0800db0c                panel_utils_gate_time_to_str
                0x0800dc0c                panel_utils_transpose_to_str
                0x0800dc24                panel_utils_scroll_list
                0x0800dc48                panel_utils_cvgate_pair_to_str
                0x0800dc68                panel_utils_cvgate_pair_mode_to_str
                0x0800dcb4                panel_utills_cv_output_scaling_to_str
                0x0800dcf4                panel_utils_get_blank_str
 .text          0x0800dd08       0xf8 build/state_change.c.o
                0x0800dd08                state_change_init
                0x0800dd30                state_change_register
                0x0800dd74                state_change_fire
                0x0800ddb0                state_change_fire0
                0x0800ddb8                state_change_fire1
                0x0800ddd0                state_change_fire2
                0x0800dde8                state_change_fire3
 .text          0x0800de00       0xc8 build/seq_utils.c.o
                0x0800de00                seq_utils_enc_val_to_change
                0x0800de18                seq_utils_clamp
                0x0800de28                seq_utils_wrap
                0x0800de38                seq_utils_bits_to_count
                0x0800de58                seq_utils_is_step_active
                0x0800de68                seq_utils_step_len_to_ticks
                0x0800de7c                seq_utils_warp_change
                0x0800de88                seq_utils_clock_pqq_to_divisor
                0x0800dea0                seq_utils_get_wrapped_range
 .text          0x0800dec8       0xb8 build/system_stm32f4xx.c.o
                0x0800dec8                SystemInit
                0x0800df0c                SystemCoreClockUpdate
 .text          0x0800df80       0x14 build/startup_stm32f407xx.s.o
 .text          0x0800df94        0x0 build/lcd_drv.c.o
 .text          0x0800df94      0x554 build/spi_flash.c.o
                0x0800df94                spi_flash_spi_txrx_cplt_cb
                0x0800e008                spi_flash_spi_init_cb
                0x0800e180                spi_flash_init
                0x0800e1e0                spi_flash_get_state
                0x0800e1ec                spi_flash_get_result
                0x0800e2b4                spi_flash_start_xfer
                0x0800e2e8                spi_flash_start_cmd
 .text          0x0800e4e8      0x5f8 build/iface_midi_router.c.o
                0x0800e4e8                iface_midi_router_init
                0x0800e510                iface_midi_router_set_program
                0x0800e7d8                iface_midi_router_set_bend_range
                0x0800e800                iface_midi_router_set_clock_div
                0x0800e834                iface_midi_router_clear_config
                0x0800e84c                iface_midi_router_handle_state_change
                0x0800e87c                iface_midi_router_load_config
                0x0800e8a0                iface_midi_router_handle_cv_setting
                0x0800e8e0                iface_midi_router_clock_task
                0x0800e938                iface_midi_router_handle_clock_msg
                0x0800e9a8                iface_midi_router_timer_task
 .text          0x0800eae0      0x420 build/iface_panel.c.o
                0x0800eae0                iface_panel_init
                0x0800eae4                iface_panel_handle_input
                0x0800ee14                iface_panel_handle_led
 .text          0x0800ef00      0x410 build/usbh_midi.c.o
                0x0800f26c                usbh_midi_init
                0x0800f300                usbh_midi_task
                0x0800f30c                usbh_midi_set_vbus
 .text          0x0800f310      0x304 build/usbh_conf.c.o
                0x0800f310                usbh_conf_set_vbus
                0x0800f334                HAL_HCD_MspInit
                0x0800f454                HAL_HCD_MspDeInit
                0x0800f48c                HAL_HCD_SOF_Callback
                0x0800f494                HAL_HCD_Connect_Callback
                0x0800f49c                HAL_HCD_Disconnect_Callback
                0x0800f4a4                HAL_HCD_HC_NotifyURBChange_Callback
                0x0800f4a8                USBH_LL_Init
                0x0800f4f0                USBH_LL_DeInit
                0x0800f500                USBH_LL_Start
                0x0800f510                USBH_LL_Stop
                0x0800f520                USBH_LL_GetSpeed
                0x0800f53c                USBH_LL_ResetPort
                0x0800f54c                USBH_LL_GetLastXferSize
                0x0800f554                USBH_LL_OpenPipe
                0x0800f578                USBH_LL_ClosePipe
                0x0800f588                USBH_LL_SubmitURB
                0x0800f5b0                USBH_LL_GetURBState
                0x0800f5b8                USBH_LL_DriverVBUS
                0x0800f5cc                USBH_LL_SetToggle
                0x0800f5f0                USBH_LL_GetToggle
                0x0800f610                USBH_Delay
 .text          0x0800f614       0x30 build/delay.c.o
                0x0800f614                delay_init
                0x0800f620                delay_timer_task
                0x0800f630                delay_ms
 .text          0x0800f644      0x124 build/metronome.c.o
                0x0800f644                metronome_init
                0x0800f65c                metronome_run
                0x0800f6e0                metronome_beat_cross
                0x0800f6ec                metronome_stop_sound
                0x0800f744                metronome_timer_task
                0x0800f75c                metronome_mode_changed
 .text          0x0800f768      0x4dc build/sysex.c.o
                0x0800f768                sysex_init
                0x0800f778                sysex_send_read_ext_mem_result
                0x0800f840                sysex_send_devtype_response
                0x0800f884                sysex_send_error_response
                0x0800f8d4                sysex_timer_task
                0x0800f910                sysex_nibbles_to_bytes
                0x0800f940                sysex_process
                0x0800fbdc                sysex_handle_msg
 .text          0x0800fc44      0x224 build/midi_ctrl.c.o
                0x0800fc44                midi_ctrl_init
                0x0800fc48                midi_ctrl_handle_midi_msg
 .text          0x0800fe68      0x1a0 build/pattern.c.o
                0x0800fe68                pattern_init
                0x0800fe94                pattern_get_step_enable
                0x0800fedc                pattern_load_rom_defaults
                0x0800ff60                pattern_handle_state_change
                0x0800ff90                pattern_load_patterns
 .text          0x08010008      0xd58 build/arp.c.o
                0x08010008                arp_set_seq_enable
                0x0801002c                arp_handle_input
                0x080100e4                arp_set_type
                0x08010158                arp_set_speed
                0x08010194                arp_set_gate_time
                0x080101c8                arp_type_to_name
                0x080102b0                arp_reset_program
                0x080102f8                arp_find_lowest_note
                0x0801033c                arp_find_highest_note
                0x08010378                arp_find_lower_note
                0x080103c0                arp_find_higher_note
                0x0801040c                arp_find_random_note
                0x08010464                arp_start_note
                0x080104c8                arp_stop_all_notes
                0x08010538                arp_clear_input
                0x0801057c                arp_set_arp_enable
                0x08010608                arp_init
                0x08010688                arp_execute_step
                0x08010c14                arp_timeout_notes
                0x08010c34                arp_run
                0x08010cfc                arp_find_label
                0x08010d3c                arp_take_snapshot
 .text          0x08010d60     0x14c8 build/seq_ctrl.c.o
                0x08010d60                seq_ctrl_init
                0x08010dd0                seq_ctrl_rt_task
                0x08010e08                seq_ctrl_ui_task
                0x08010e18                seq_ctrl_clock_tick
                0x08010e1c                seq_ctrl_panel_input
                0x08010e2c                seq_ctrl_is_run_lockout
                0x08010e3c                seq_ctrl_get_current_song
                0x08010e48                seq_ctrl_get_scene
                0x08010e4c                seq_ctrl_get_run_state
                0x08010e50                seq_ctrl_get_num_tracks_selected
                0x08010e6c                seq_ctrl_get_track_select
                0x08010e94                seq_ctrl_get_song_mode
                0x08010ea0                seq_ctrl_set_song_mode
                0x08010ec0                seq_ctrl_toggle_song_mode
                0x08010ed8                seq_ctrl_get_live_mode
                0x08010ee4                seq_ctrl_set_live_mode
                0x08010f0c                seq_ctrl_get_first_track
                0x08010f18                seq_ctrl_get_record_mode
                0x08010f24                seq_ctrl_set_record_mode
                0x08010f78                seq_ctrl_set_run_state
                0x08010fbc                seq_ctrl_record_pressed
                0x08010fd4                seq_ctrl_set_scene
                0x0801100c                seq_ctrl_copy_scene
                0x08011050                seq_ctrl_reset_pos
                0x08011074                seq_ctrl_reset_track
                0x08011094                seq_ctrl_set_track_select
                0x08011114                seq_ctrl_save_song
                0x08011154                seq_ctrl_clear_song
                0x08011178                seq_ctrl_load_song
                0x080111cc                seq_ctrl_set_kbtrans
                0x080111d0                seq_ctrl_adjust_cvcal
                0x08011208                seq_ctrl_set_tempo
                0x08011218                seq_ctrl_adjust_tempo
                0x08011278                seq_ctrl_tap_tempo
                0x0801127c                seq_ctrl_adjust_swing
                0x080112a0                seq_ctrl_adjust_metronome_mode
                0x080112cc                seq_ctrl_adjust_key_velocity_scale
                0x080112e8                seq_ctrl_adjust_cv_bend_range
                0x08011304                seq_ctrl_adjust_cvgate_pairs
                0x08011320                seq_ctrl_adjust_cvgate_pair_mode
                0x08011358                seq_ctrl_adjust_cv_output_scaling
                0x0801138c                seq_ctrl_adjust_clock_rate
                0x080113c0                seq_ctrl_adjust_midi_remote_ctrl
                0x080113dc                seq_ctrl_set_midi_program
                0x08011428                seq_ctrl_adjust_midi_program
                0x08011484                seq_ctrl_adjust_midi_port
                0x080114f0                seq_ctrl_adjust_midi_channel
                0x08011588                seq_ctrl_adjust_key_split
                0x080115c8                seq_ctrl_adjust_track_type
                0x08011608                seq_ctrl_set_step_length
                0x08011658                seq_ctrl_adjust_step_length
                0x080116a0                seq_ctrl_adjust_tonality
                0x080116e8                seq_ctrl_set_transpose
                0x08011738                seq_ctrl_adjust_transpose
                0x08011784                seq_ctrl_adjust_bias_track
                0x080117d0                seq_ctrl_set_motion_start
                0x08011820                seq_ctrl_adjust_motion_start
                0x08011878                seq_ctrl_set_motion_length
                0x080118c8                seq_ctrl_adjust_motion_length
                0x08011920                seq_ctrl_set_gate_time
                0x08011970                seq_ctrl_adjust_gate_time
                0x080119bc                seq_ctrl_set_pattern_type
                0x08011a08                seq_ctrl_adjust_pattern_type
                0x08011a4c                seq_ctrl_set_motion_dir
                0x08011ab0                seq_ctrl_flip_motion_dir
                0x08011b00                seq_ctrl_get_mute_select
                0x08011b14                seq_ctrl_set_mute_select
                0x08011b78                seq_ctrl_set_arp_type
                0x08011bc8                seq_ctrl_adjust_arp_type
                0x08011c10                seq_ctrl_set_arp_speed
                0x08011c60                seq_ctrl_adjust_arp_speed
                0x08011ca8                seq_ctrl_set_arp_gate_time
                0x08011cf8                seq_ctrl_adjust_arp_gate_time
                0x08011d44                seq_ctrl_get_arp_enable
                0x08011d58                seq_ctrl_set_arp_enable
                0x08011da0                seq_ctrl_flip_arp_enable
                0x08011df0                seq_ctrl_make_magic
                0x08011eb0                seq_ctrl_make_clear
                0x08011f14                seq_ctrl_cancel_record
                0x08011f28                seq_ctrl_refresh_modules
                0x08011f90                seq_ctrl_set_current_song
                0x08011fb4                seq_ctrl_handle_state_change
                0x0801220c                seq_ctrl_set_run_lockout
 .text          0x08012228      0xe5c build/arp_progs.c.o
                0x08012228                arp_progs_init
                0x08012260                arp_progs_clear
                0x0801229c                arp_progs_addin
                0x080122d4                arp_progs_generate_up
                0x080125ac                arp_progs_generate_down
                0x080128a8                arp_progs_generate_updown
                0x08012e44                arp_progs_generate_random
                0x08012fac                arp_progs_load
 *fill*         0x08013084        0x4 
 .text          0x08013088      0x428 build/clock.c.o
                0x08013088                clock_get_source
                0x08013094                clock_get_tempo
                0x080130b4                clock_set_tempo
                0x080130f0                clock_set_swing
                0x08013108                clock_tap_tempo
                0x08013118                clock_reset_pos
                0x08013128                clock_get_tick_pos
                0x08013140                clock_get_running
                0x0801314c                clock_set_running
                0x08013160                clock_midi_rx_tick
                0x0801316c                clock_set_source
                0x0801318c                clock_init
                0x080131dc                clock_timer_task
 .text          0x080134b0      0x300 build/clock_out.c.o
                0x080134b0                clock_out_init
                0x080134fc                clock_out_timer_task
                0x08013554                clock_out_set_output
                0x08013588                clock_out_handle_state_change
                0x0801360c                clock_out_set_run_state
                0x08013620                clock_out_generate_start
                0x08013688                clock_out_generate_stop
                0x080136c0                clock_out_run
 .text          0x080137b0      0x180 build/scale.c.o
                0x080137b0                scale_type_to_name
                0x08013854                scale_quantize
 .text          0x08013930     0x1ebc build/seq_engine.c.o
                0x08013c54                seq_engine_reset_track
                0x08013c98                seq_engine_get_current_scene
                0x08013ca4                seq_engine_get_song_mode_state
                0x08013cac                seq_engine_set_kbtrans
                0x08013cd8                seq_engine_arp_start_note
                0x08013cf8                seq_engine_arp_stop_note
                0x08013d18                seq_engine_song_mode_find_next_scene
                0x08013d3c                seq_engine_track_start_note
                0x08013f50                seq_engine_track_play_step
                0x0801404c                seq_engine_track_manage_notes
                0x08014168                seq_engine_track_stop_all_notes
                0x080141e8                seq_engine_track_set_bias_output
                0x0801420c                seq_engine_live_enqueue_note
                0x08014244                seq_engine_live_dequeue_note
                0x08014294                seq_engine_live_send_msg
                0x080143a4                seq_engine_live_get_num_notes
                0x080143c8                seq_engine_live_stop_all_notes
                0x08014478                seq_engine_stop_notes
                0x080144a4                seq_engine_stop_live_notes
                0x080144b8                seq_engine_live_passthrough
                0x08014514                seq_engine_record_write_tracks
                0x08014528                seq_engine_live_mode_changed
                0x08014598                seq_engine_track_select_changed
                0x080145dc                seq_engine_mute_select_changed
                0x08014620                seq_engine_metronome_mode_changed
                0x08014624                seq_engine_key_split_changed
                0x08014638                seq_engine_arp_type_changed
                0x08014668                seq_engine_arp_speed_changed
                0x08014698                seq_engine_arp_gate_time_changed
                0x080146c8                seq_engine_arp_enable_changed
                0x08014754                seq_engine_recalc_params
                0x08014850                seq_engine_init
                0x08014940                seq_engine_is_first_step
                0x0801498c                seq_engine_move_to_next_step
                0x080149b4                seq_engine_compute_next_pos
                0x080149c0                seq_engine_cancel_pending_scene_change
                0x080149cc                seq_engine_reset_all_tracks_pos
                0x08014a10                seq_engine_change_scene_synced
                0x08014a90                seq_engine_change_scene
                0x08014abc                seq_engine_song_mode_load_entry
                0x08014b04                seq_engine_song_mode_reset
                0x08014b30                seq_engine_song_mode_process
                0x08014b94                seq_engine_song_mode_enable_changed
                0x08014bfc                seq_engine_run
                0x08014e64                seq_engine_send_program
                0x08014e9c                seq_engine_song_loaded
                0x08014ed0                seq_engine_handle_state_change
                0x08015050                seq_engine_send_all_notes_off
                0x08015080                seq_engine_set_run_state
                0x080150e8                seq_engine_highlight_step_record_pos
                0x0801510c                seq_engine_record_mode_changed
                0x080151d0                seq_engine_step_sequence_advance
                0x08015218                seq_engine_record_event
                0x08015528                seq_engine_handle_midi_msg
                0x08015658                seq_engine_timer_task
                0x08015750                seq_engine_step_sequence_shuttle
                0x08015774                seq_engine_step_rec_pos_changed
                0x080157cc                seq_engine_check_key_split_range
 *fill*         0x080157ec        0x4 
 .text          0x080157f0     0x1d60 build/song.c.o
                0x080157f0                song_load
                0x08015844                song_save
                0x08015898                song_get_song_version
                0x080158a4                song_get_tempo
                0x080158b0                song_set_tempo
                0x08015920                song_get_swing
                0x0801592c                song_set_swing
                0x08015954                song_get_metronome_mode
                0x08015960                song_set_metronome_mode
                0x08015988                song_get_key_velocity_scale
                0x08015994                song_set_key_velocity_scale
                0x080159bc                song_get_cv_bend_range
                0x080159c8                song_set_cv_bend_range
                0x080159ec                song_get_cvgate_pairs
                0x080159f8                song_set_cvgate_pairs
                0x08015a1c                song_get_cvgate_pair_mode
                0x08015a44                song_set_cvgate_pair_mode
                0x08015a88                song_get_cv_output_scaling
                0x08015ab0                song_set_cv_output_scaling
                0x08015af0                song_get_cvcal
                0x08015b18                song_set_cvcal
                0x08015b5c                song_get_midi_port_clock
                0x08015b84                song_set_midi_port_clock
                0x08015bc8                song_get_midi_remote_ctrl
                0x08015bd8                song_set_midi_remote_ctrl
                0x08015bfc                song_add_song_list_entry
                0x08015cdc                song_remove_song_list_entry
                0x08015d80                song_get_song_list_scene
                0x08015dac                song_get_song_list_length
                0x08015dd8                song_get_song_list_kbtrans
                0x08015e04                song_set_song_list_kbtrans
                0x08015e80                song_set_song_list_scene
                0x08015efc                song_set_song_list_length
                0x08015f78                song_get_midi_program
                0x08015fb8                song_set_midi_program
                0x0801600c                song_get_midi_port_map
                0x0801604c                song_set_midi_port_map
                0x080160a8                song_get_midi_channel_map
                0x080160e8                song_set_midi_channel_map
                0x08016144                song_get_key_split
                0x0801616c                song_set_key_split
                0x080161b0                song_get_track_type
                0x080161d8                song_set_track_type
                0x0801621c                song_get_step_length
                0x08016260                song_set_step_length
                0x080162c0                song_get_tonality
                0x08016304                song_set_tonality
                0x08016364                song_get_transpose
                0x080163a8                song_set_transpose
                0x0801640c                song_get_bias_track
                0x08016450                song_set_bias_track
                0x080164b4                song_get_motion_start
                0x080164f8                song_set_motion_start
                0x08016558                song_get_motion_length
                0x0801659c                song_set_motion_length
                0x08016600                song_get_gate_time
                0x08016644                song_set_gate_time
                0x080166a8                song_get_pattern_type
                0x080166ec                song_set_pattern_type
                0x0801674c                song_get_motion_dir
                0x08016790                song_set_motion_dir
                0x08016800                song_get_mute
                0x08016844                song_set_mute
                0x080168b4                song_get_arp_type
                0x080168f8                song_set_arp_type
                0x08016958                song_get_arp_speed
                0x0801699c                song_set_arp_speed
                0x080169fc                song_get_arp_gate_time
                0x08016a3c                song_set_arp_gate_time
                0x08016aa0                song_get_arp_enable
                0x08016ae0                song_set_arp_enable
                0x08016b50                song_copy_scene
                0x08016c94                song_clear_step_event
                0x08016d18                song_get_num_step_events
                0x08016d8c                song_add_step_event
                0x08016e8c                song_set_step_event
                0x08016f48                song_get_step_event
                0x08016fe4                song_get_start_delay
                0x0801703c                song_set_start_delay
                0x080170ac                song_get_ratchet_mode
                0x08017104                song_set_ratchet_mode
                0x08017178                song_clear_step
                0x08017210                song_clear
                0x08017468                song_init
                0x0801748c                song_timer_task
 .text          0x08017550      0x45c build/outproc.c.o
                0x08017550                outproc_init
                0x08017580                outproc_enqueue_note
                0x080175b0                outproc_dequeue_note
                0x080175f8                outproc_deliver_msg
                0x08017760                outproc_stop_all_notes
                0x080177b4                outproc_transpose_changed
                0x080178c0                outproc_tonality_changed
                0x0801798c                outproc_get_num_notes
 .text          0x080179ac      0x2a4 build/spi_callbacks.c.o
                0x080179ac                spi_callbacks_init
                0x08017a20                spi_callbacks_register_handle
                0x08017a40                spi_callbacks_register_tx_cb
                0x08017a50                spi_callbacks_register_rx_cb
                0x08017a60                spi_callbacks_register_txrx_cb
                0x08017a70                spi_callbacks_register_tx_half_cb
                0x08017a80                spi_callbacks_register_rx_half_cb
                0x08017a90                spi_callbacks_register_txrx_half_cb
                0x08017aa0                spi_callbacks_register_error_cb
                0x08017ab0                HAL_SPI_MspInit
                0x08017ae4                HAL_SPI_TxCpltCallback
                0x08017b18                HAL_SPI_RxCpltCallback
                0x08017b4c                HAL_SPI_TxRxCpltCallback
                0x08017b80                HAL_SPI_TxHalfCpltCallback
                0x08017bb4                HAL_SPI_RxHalfCpltCallback
                0x08017be8                HAL_SPI_TxRxHalfCpltCallback
                0x08017c1c                HAL_SPI_ErrorCallback
 .text          0x08017c50      0x450 build/ext_flash.c.o
                0x08017c50                ext_flash_init
                0x08017c64                ext_flash_timer_task
                0x08017fec                ext_flash_get_state
                0x0801800c                ext_flash_load
                0x08018034                ext_flash_save
                0x0801805c                ext_flash_save_noerase
                0x08018084                ext_flash_get_mem_size
                0x0801808c                ext_flash_get_remain_io_bytes
 .text          0x080180a0      0x438 build/din_midi.c.o
                0x080180a0                din_midi_init
                0x08018120                din_midi_timer_task
                0x0801829c                HAL_UART_TxCpltCallback
                0x080182cc                HAL_UART_MspInit
 .text          0x080184d8      0x100 build/stm32f4xx_hal_dma_ex.c.o
                0x080184d8                HAL_DMAEx_MultiBufferStart
                0x0801853c                HAL_DMAEx_MultiBufferStart_IT
                0x080185c8                HAL_DMAEx_ChangeMemory
 .text          0x080185d8        0x0 build/stm32f4xx_hal_sai.c.o
 .text          0x080185d8       0xc4 build/stm32f4xx_hal_timebase_tim_template.c.o
                0x080185d8                HAL_InitTick
                0x08018664                HAL_SuspendTick
                0x08018678                HAL_ResumeTick
                0x0801868c                HAL_TIM_PeriodElapsedCallback
                0x08018690                TIM6_DAC_IRQHandler
 .text          0x0801869c        0x0 build/stm32f4xx_hal_fmpi2c.c.o
 .text          0x0801869c      0xaf0 build/stm32f4xx_hal_hcd.c.o
                0x0801869c                HAL_HCD_HC_Init
                0x08018708                HAL_HCD_HC_Halt
                0x08018730                HAL_HCD_Init
                0x080187b4                HAL_HCD_DeInit
                0x080187d8                HAL_HCD_HC_SubmitRequest
                0x080188e4                HAL_HCD_IRQHandler
                0x080190f0                HAL_HCD_Start
                0x0801911c                HAL_HCD_Stop
                0x08019140                HAL_HCD_ResetPort
                0x08019148                HAL_HCD_GetState
                0x08019150                HAL_HCD_HC_GetURBState
                0x08019160                HAL_HCD_HC_GetXferCount
                0x0801916c                HAL_HCD_HC_GetState
                0x0801917c                HAL_HCD_GetCurrentFrame
                0x08019184                HAL_HCD_GetCurrentSpeed
 .text          0x0801918c        0x0 build/stm32f4xx_hal_nor.c.o
 .text          0x0801918c        0x0 build/stm32f4xx_hal_smartcard.c.o
 .text          0x0801918c        0x0 build/stm32f4xx_hal_hash_ex.c.o
 .text          0x0801918c      0x760 build/stm32f4xx_hal_adc_ex.c.o
                0x08019204                HAL_ADCEx_InjectedStart
                0x080192d8                HAL_ADCEx_InjectedStart_IT
                0x080193b4                HAL_ADCEx_InjectedStop
                0x08019410                HAL_ADCEx_InjectedPollForConversion
                0x08019498                HAL_ADCEx_InjectedStop_IT
                0x080194fc                HAL_ADCEx_InjectedGetValue
                0x08019540                HAL_ADCEx_MultiModeStart_DMA
                0x0801965c                HAL_ADCEx_MultiModeStop_DMA
                0x080196c4                HAL_ADCEx_MultiModeGetValue
                0x080196d0                HAL_ADCEx_InjectedConvCpltCallback
                0x080196d4                HAL_ADCEx_InjectedConfigChannel
                0x08019898                HAL_ADCEx_MultiModeConfigChannel
 .text          0x080198ec      0xeb4 build/stm32f4xx_hal_spi.c.o
                0x08019c7c                HAL_SPI_Init
                0x08019d28                HAL_SPI_MspDeInit
                0x08019d2c                HAL_SPI_DeInit
                0x08019d58                HAL_SPI_Transmit
                0x08019e94                HAL_SPI_Receive
                0x08019fe8                HAL_SPI_TransmitReceive
                0x08019ffc                HAL_SPI_Transmit_IT
                0x0801a09c                HAL_SPI_Receive_IT
                0x0801a150                HAL_SPI_TransmitReceive_IT
                0x0801a16c                HAL_SPI_Transmit_DMA
                0x0801a20c                HAL_SPI_Receive_DMA
                0x0801a2d4                HAL_SPI_TransmitReceive_DMA
                0x0801a2f0                HAL_SPI_DMAPause
                0x0801a314                HAL_SPI_DMAResume
                0x0801a338                HAL_SPI_DMAStop
                0x0801a6ec                HAL_SPI_IRQHandler
                0x0801a794                HAL_SPI_GetState
                0x0801a79c                HAL_SPI_GetError
 .text          0x0801a7a0      0xb80 build/stm32f4xx_hal_tim_ex.c.o
                0x0801a7a0                HAL_TIMEx_HallSensor_MspInit
                0x0801a7a4                HAL_TIMEx_HallSensor_Init
                0x0801a848                HAL_TIMEx_HallSensor_MspDeInit
                0x0801a84c                HAL_TIMEx_HallSensor_DeInit
                0x0801a888                HAL_TIMEx_HallSensor_Start
                0x0801a8a4                HAL_TIMEx_HallSensor_Stop
                0x0801a8d4                HAL_TIMEx_HallSensor_Start_IT
                0x0801a8f8                HAL_TIMEx_HallSensor_Stop_IT
                0x0801a930                HAL_TIMEx_HallSensor_Start_DMA
                0x0801a99c                HAL_TIMEx_HallSensor_Stop_DMA
                0x0801a9d4                HAL_TIMEx_OCN_Start
                0x0801a9fc                HAL_TIMEx_OCN_Stop
                0x0801aa4c                HAL_TIMEx_OCN_Start_IT
                0x0801aac4                HAL_TIMEx_OCN_Stop_IT
                0x0801ab6c                HAL_TIMEx_OCN_Start_DMA
                0x0801ac68                HAL_TIMEx_OCN_Stop_DMA
                0x0801ad08                HAL_TIMEx_PWMN_Start
                0x0801ad30                HAL_TIMEx_PWMN_Stop
                0x0801ad80                HAL_TIMEx_PWMN_Start_IT
                0x0801adf8                HAL_TIMEx_PWMN_Stop_IT
                0x0801aea0                HAL_TIMEx_PWMN_Start_DMA
                0x0801af9c                HAL_TIMEx_PWMN_Stop_DMA
                0x0801b03c                HAL_TIMEx_OnePulseN_Start
                0x0801b05c                HAL_TIMEx_OnePulseN_Stop
                0x0801b0ac                HAL_TIMEx_OnePulseN_Start_IT
                0x0801b0dc                HAL_TIMEx_OnePulseN_Stop_IT
                0x0801b13c                HAL_TIMEx_ConfigCommutationEvent
                0x0801b18c                HAL_TIMEx_ConfigCommutationEvent_IT
                0x0801b1e4                HAL_TIMEx_ConfigCommutationEvent_DMA
                0x0801b24c                HAL_TIMEx_MasterConfigSynchronization
                0x0801b294                HAL_TIMEx_ConfigBreakDeadTime
                0x0801b2d8                HAL_TIMEx_RemapConfig
                0x0801b300                HAL_TIMEx_CommutationCallback
                0x0801b304                TIMEx_DMACommutationCplt
                0x0801b314                HAL_TIMEx_BreakCallback
                0x0801b318                HAL_TIMEx_HallSensor_GetState
 .text          0x0801b320        0x0 build/stm32f4xx_hal_ltdc.c.o
 .text          0x0801b320        0x0 build/stm32f4xx_hal_qspi.c.o
 .text          0x0801b320        0x0 build/stm32f4xx_hal_nand.c.o
 .text          0x0801b320     0x2354 build/stm32f4xx_hal_tim.c.o
                0x0801b4e8                HAL_TIM_Base_MspInit
                0x0801b4ec                HAL_TIM_Base_MspDeInit
                0x0801b4f0                HAL_TIM_Base_DeInit
                0x0801b52c                HAL_TIM_Base_Start
                0x0801b54c                HAL_TIM_Base_Stop
                0x0801b57c                HAL_TIM_Base_Start_IT
                0x0801b594                HAL_TIM_Base_Stop_IT
                0x0801b5c0                HAL_TIM_Base_Start_DMA
                0x0801b61c                HAL_TIM_Base_Stop_DMA
                0x0801b64c                HAL_TIM_OC_MspInit
                0x0801b650                HAL_TIM_OC_MspDeInit
                0x0801b654                HAL_TIM_OC_DeInit
                0x0801b690                HAL_TIM_OC_Start
                0x0801b6d4                HAL_TIM_OC_Stop
                0x0801b744                HAL_TIM_OC_Start_IT
                0x0801b7d0                HAL_TIM_OC_Stop_IT
                0x0801b884                HAL_TIM_OC_Start_DMA
                0x0801b998                HAL_TIM_OC_Stop_DMA
                0x0801ba50                HAL_TIM_PWM_MspInit
                0x0801ba54                HAL_TIM_PWM_MspDeInit
                0x0801ba58                HAL_TIM_PWM_DeInit
                0x0801ba94                HAL_TIM_PWM_Start
                0x0801bad8                HAL_TIM_PWM_Stop
                0x0801bb4c                HAL_TIM_PWM_Start_IT
                0x0801bbd8                HAL_TIM_PWM_Stop_IT
                0x0801bc8c                HAL_TIM_PWM_Start_DMA
                0x0801bda0                HAL_TIM_PWM_Stop_DMA
                0x0801be58                HAL_TIM_IC_MspInit
                0x0801be5c                HAL_TIM_IC_MspDeInit
                0x0801be60                HAL_TIM_IC_DeInit
                0x0801be9c                HAL_TIM_IC_Start
                0x0801bebc                HAL_TIM_IC_Stop
                0x0801bef0                HAL_TIM_IC_Start_IT
                0x0801bf58                HAL_TIM_IC_Stop_IT
                0x0801bfd0                HAL_TIM_IC_Start_DMA
                0x0801c0b4                HAL_TIM_IC_Stop_DMA
                0x0801c138                HAL_TIM_OnePulse_MspInit
                0x0801c13c                HAL_TIM_OnePulse_MspDeInit
                0x0801c140                HAL_TIM_OnePulse_DeInit
                0x0801c17c                HAL_TIM_OnePulse_Start
                0x0801c1c4                HAL_TIM_OnePulse_Stop
                0x0801c234                HAL_TIM_OnePulse_Start_IT
                0x0801c28c                HAL_TIM_OnePulse_Stop_IT
                0x0801c30c                HAL_TIM_Encoder_MspInit
                0x0801c310                HAL_TIM_Encoder_MspDeInit
                0x0801c314                HAL_TIM_Encoder_DeInit
                0x0801c350                HAL_TIM_Encoder_Start
                0x0801c39c                HAL_TIM_Encoder_Stop
                0x0801c3f0                HAL_TIM_Encoder_Start_IT
                0x0801c470                HAL_TIM_Encoder_Stop_IT
                0x0801c4f0                HAL_TIM_Encoder_Start_DMA
                0x0801c638                HAL_TIM_Encoder_Stop_DMA
                0x0801c6b8                HAL_TIM_DMABurst_WriteStart
                0x0801c79c                HAL_TIM_DMABurst_WriteStop
                0x0801c814                HAL_TIM_DMABurst_ReadStart
                0x0801c8f8                HAL_TIM_DMABurst_ReadStop
                0x0801c970                HAL_TIM_GenerateEvent
                0x0801c99c                HAL_TIM_ConfigOCrefClear
                0x0801ca68                HAL_TIM_ConfigClockSource
                0x0801cbe4                HAL_TIM_ConfigTI1Input
                0x0801cbf4                HAL_TIM_SlaveConfigSynchronization
                0x0801cc34                HAL_TIM_SlaveConfigSynchronization_IT
                0x0801cc74                HAL_TIM_ReadCapturedValue
                0x0801cce8                HAL_TIM_OC_DelayElapsedCallback
                0x0801ccec                HAL_TIM_IC_CaptureCallback
                0x0801ccf0                TIM_DMACaptureCplt
                0x0801cd3c                HAL_TIM_PWM_PulseFinishedCallback
                0x0801cd40                TIM_DMADelayPulseCplt
                0x0801cd8c                HAL_TIM_TriggerCallback
                0x0801cd90                HAL_TIM_IRQHandler
                0x0801cef4                HAL_TIM_ErrorCallback
                0x0801cef8                TIM_DMAError
                0x0801cf08                HAL_TIM_Base_GetState
                0x0801cf10                HAL_TIM_OC_GetState
                0x0801cf18                HAL_TIM_PWM_GetState
                0x0801cf20                HAL_TIM_IC_GetState
                0x0801cf28                HAL_TIM_OnePulse_GetState
                0x0801cf30                HAL_TIM_Encoder_GetState
                0x0801cf38                TIM_Base_SetConfig
                0x0801d01c                HAL_TIM_Base_Init
                0x0801d054                HAL_TIM_OC_Init
                0x0801d08c                HAL_TIM_PWM_Init
                0x0801d0c4                HAL_TIM_IC_Init
                0x0801d0fc                HAL_TIM_OnePulse_Init
                0x0801d148                HAL_TIM_Encoder_Init
                0x0801d1f8                TIM_TI1_SetConfig
                0x0801d274                HAL_TIM_IC_ConfigChannel
                0x0801d3ac                TIM_OC2_SetConfig
                0x0801d414                HAL_TIM_OC_ConfigChannel
                0x0801d474                HAL_TIM_PWM_ConfigChannel
                0x0801d548                HAL_TIM_OnePulse_ConfigChannel
                0x0801d658                TIM_CCxChannelCmd
 .text          0x0801d674        0x0 build/stm32f4xx_hal_dsi.c.o
 .text          0x0801d674        0x0 build/stm32f4xx_hal_cryp_ex.c.o
 .text          0x0801d674        0x0 build/stm32f4xx_ll_fmc.c.o
 .text          0x0801d674      0xa14 build/stm32f4xx_hal_pcd.c.o
                0x0801d678                HAL_PCD_Init
                0x0801d758                HAL_PCD_DeInit
                0x0801d79c                HAL_PCD_Start
                0x0801d7c8                HAL_PCD_Stop
                0x0801d824                HAL_PCD_IRQHandler
                0x0801dd40                HAL_PCD_DevConnect
                0x0801dd64                HAL_PCD_DevDisconnect
                0x0801dd88                HAL_PCD_SetAddress
                0x0801ddac                HAL_PCD_EP_Open
                0x0801de24                HAL_PCD_EP_Close
                0x0801de74                HAL_PCD_EP_Receive
                0x0801dee4                HAL_PCD_EP_GetRxCount
                0x0801def8                HAL_PCD_EP_Transmit
                0x0801df5c                HAL_PCD_EP_SetStall
                0x0801dfc0                HAL_PCD_EP_ClrStall
                0x0801e014                HAL_PCD_EP_Flush
                0x0801e050                HAL_PCD_ActivateRemoteWakeup
                0x0801e06c                HAL_PCD_DeActivateRemoteWakeup
                0x0801e080                HAL_PCD_GetState
 .text          0x0801e088      0x41c build/stm32f4xx_hal_gpio.c.o
                0x0801e088                HAL_GPIO_Init
                0x0801e2ec                HAL_GPIO_DeInit
                0x0801e440                HAL_GPIO_ReadPin
                0x0801e44c                HAL_GPIO_WritePin
                0x0801e454                HAL_GPIO_TogglePin
                0x0801e45c                HAL_GPIO_LockPin
                0x0801e488                HAL_GPIO_EXTI_Callback
                0x0801e48c                HAL_GPIO_EXTI_IRQHandler
 .text          0x0801e4a4       0x50 build/stm32f4xx_hal_pcd_ex.c.o
                0x0801e4a4                HAL_PCDEx_SetTxFiFo
                0x0801e4ec                HAL_PCDEx_SetRxFiFo
 .text          0x0801e4f4      0x200 build/stm32f4xx_hal_pwr.c.o
                0x0801e4f4                HAL_PWR_DeInit
                0x0801e50c                HAL_PWR_EnableBkUpAccess
                0x0801e528                HAL_PWR_DisableBkUpAccess
                0x0801e544                HAL_PWR_ConfigPVD
                0x0801e5bc                HAL_PWR_EnablePVD
                0x0801e5d8                HAL_PWR_DisablePVD
                0x0801e5f4                HAL_PWR_EnableWakeUpPin
                0x0801e604                HAL_PWR_DisableWakeUpPin
                0x0801e614                HAL_PWR_EnterSLEEPMode
                0x0801e634                HAL_PWR_EnterSTOPMode
                0x0801e674                HAL_PWR_EnterSTANDBYMode
                0x0801e694                HAL_PWR_PVDCallback
                0x0801e698                HAL_PWR_PVD_IRQHandler
                0x0801e6b4                HAL_PWR_EnableSleepOnExit
                0x0801e6c4                HAL_PWR_DisableSleepOnExit
                0x0801e6d4                HAL_PWR_EnableSEVOnPend
                0x0801e6e4                HAL_PWR_DisableSEVOnPend
 .text          0x0801e6f4        0x0 build/stm32f4xx_hal_dac.c.o
 .text          0x0801e6f4        0x0 build/stm32f4xx_hal_i2c_ex.c.o
 .text          0x0801e6f4        0x0 build/stm32f4xx_hal_can.c.o
 .text          0x0801e6f4      0x1a4 build/stm32f4xx_hal_rng.c.o
                0x0801e744                HAL_RNG_MspInit
                0x0801e748                HAL_RNG_Init
                0x0801e78c                HAL_RNG_MspDeInit
                0x0801e790                HAL_RNG_DeInit
                0x0801e7b8                HAL_RNG_GenerateRandomNumber
                0x0801e7c4                HAL_RNG_GenerateRandomNumber_IT
                0x0801e7f4                HAL_RNG_GetRandomNumber
                0x0801e814                HAL_RNG_GetRandomNumber_IT
                0x0801e83c                HAL_RNG_ReadLastRandomNumber
                0x0801e840                HAL_RNG_ReadyDataCallback
                0x0801e844                HAL_RNG_ErrorCallback
                0x0801e848                HAL_RNG_IRQHandler
                0x0801e894                HAL_RNG_GetState
 .text          0x0801e898      0xcac build/stm32f4xx_hal_uart.c.o
                0x0801ebdc                HAL_UART_Init
                0x0801ec3c                HAL_HalfDuplex_Init
                0x0801eca4                HAL_LIN_Init
                0x0801ed20                HAL_MultiProcessor_Init
                0x0801eda4                HAL_UART_MspDeInit
                0x0801eda8                HAL_UART_DeInit
                0x0801edd0                HAL_UART_Transmit
                0x0801ee74                HAL_UART_Receive
                0x0801ef28                HAL_UART_Transmit_IT
                0x0801ef6c                HAL_UART_Receive_IT
                0x0801efc0                HAL_UART_Transmit_DMA
                0x0801f04c                HAL_UART_Receive_DMA
                0x0801f0d0                HAL_UART_DMAPause
                0x0801f124                HAL_UART_DMAResume
                0x0801f18c                HAL_UART_DMAStop
                0x0801f1f0                HAL_UART_TxHalfCpltCallback
                0x0801f200                HAL_UART_RxCpltCallback
                0x0801f22c                HAL_UART_RxHalfCpltCallback
                0x0801f23c                HAL_UART_ErrorCallback
                0x0801f264                HAL_UART_IRQHandler
                0x0801f428                HAL_LIN_SendBreak
                0x0801f45c                HAL_MultiProcessor_EnterMuteMode
                0x0801f490                HAL_MultiProcessor_ExitMuteMode
                0x0801f4c4                HAL_HalfDuplex_EnableTransmitter
                0x0801f4fc                HAL_HalfDuplex_EnableReceiver
                0x0801f534                HAL_UART_GetState
                0x0801f540                HAL_UART_GetError
 .text          0x0801f544        0x0 build/stm32f4xx_hal_fmpi2c_ex.c.o
 .text          0x0801f544      0x300 build/stm32f4xx_hal_flash_ex.c.o
                0x0801f544                HAL_FLASHEx_OBProgram
                0x0801f614                HAL_FLASHEx_OBGetConfig
                0x0801f658                FLASH_Erase_Sector
                0x0801f6ac                HAL_FLASHEx_Erase_IT
                0x0801f728                FLASH_FlushCaches
                0x0801f780                HAL_FLASHEx_Erase
 .text          0x0801f844        0x0 build/stm32f4xx_hal_ltdc_ex.c.o
 .text          0x0801f844      0x328 build/stm32f4xx_hal_sram.c.o
                0x0801f844                HAL_SRAM_DMA_XferCpltCallback
                0x0801f848                HAL_SRAM_DMA_XferErrorCallback
                0x0801f850                HAL_SRAM_Init
                0x0801f8ac                HAL_SRAM_DeInit
                0x0801f8c8                HAL_SRAM_Read_8b
                0x0801f908                HAL_SRAM_Write_8b
                0x0801f954                HAL_SRAM_Read_16b
                0x0801f990                HAL_SRAM_Write_16b
                0x0801f9dc                HAL_SRAM_Read_32b
                0x0801fa18                HAL_SRAM_Write_32b
                0x0801fa64                HAL_SRAM_Read_DMA
                0x0801faa8                HAL_SRAM_Write_DMA
                0x0801fb04                HAL_SRAM_WriteOperation_Enable
                0x0801fb30                HAL_SRAM_WriteOperation_Disable
                0x0801fb64                HAL_SRAM_GetState
 .text          0x0801fb6c     0x1868 build/stm32f4xx_hal_sd.c.o
                0x0801ff28                HAL_SD_MspInit
                0x0801ff2c                HAL_SD_MspDeInit
                0x0801ff30                HAL_SD_DeInit
                0x0801ff44                HAL_SD_ReadBlocks_DMA
                0x08020050                HAL_SD_WriteBlocks_DMA
                0x08020148                HAL_SD_Erase
                0x08020278                HAL_SD_XferCpltCallback
                0x0802027c                HAL_SD_XferErrorCallback
                0x08020280                HAL_SD_IRQHandler
                0x08020320                HAL_SD_DMA_RxCpltCallback
                0x08020340                HAL_SD_DMA_RxErrorCallback
                0x08020350                HAL_SD_DMA_TxCpltCallback
                0x08020370                HAL_SD_DMA_TxErrorCallback
                0x08020380                HAL_SD_Get_CardInfo
                0x08020614                HAL_SD_Init
                0x080209f8                HAL_SD_WideBusOperation_Config
                0x08020b44                HAL_SD_StopTransfer
                0x08020b74                HAL_SD_ReadBlocks
                0x08020d28                HAL_SD_WriteBlocks
                0x08020f24                HAL_SD_CheckReadOperation
                0x08020fe0                HAL_SD_CheckWriteOperation
                0x080210bc                HAL_SD_HighSpeed
                0x08021204                HAL_SD_SendSDStatus
                0x0802133c                HAL_SD_GetStatus
                0x08021354                HAL_SD_GetCardStatus
 .text          0x080213d4        0x0 build/stm32f4xx_hal_pccard.c.o
 .text          0x080213d4        0x0 build/stm32f4xx_hal_hash.c.o
 .text          0x080213d4       0x8c build/stm32f4xx_hal_dcmi_ex.c.o
                0x080213d4                HAL_DCMI_Init
 .text          0x08021460       0xe8 build/stm32f4xx_ll_sdmmc.c.o
                0x08021460                SDIO_Init
                0x08021494                SDIO_ReadFIFO
                0x0802149c                SDIO_WriteFIFO
                0x080214a8                SDIO_PowerState_ON
                0x080214b0                SDIO_PowerState_OFF
                0x080214b8                SDIO_GetPowerState
                0x080214c0                SDIO_SendCommand
                0x080214e8                SDIO_GetCommandResponse
                0x080214f0                SDIO_GetResponse
                0x08021508                SDIO_DataConfig
                0x08021530                SDIO_GetDataCounter
                0x08021534                SDIO_GetFIFOCount
                0x0802153c                SDIO_SetSDIOReadWaitMode
 .text          0x08021548      0x198 build/stm32f4xx_hal.c.o
                0x08021550                HAL_DeInit
                0x080215a4                HAL_Init
                0x080215d0                HAL_IncTick
                0x080215e0                HAL_GetTick
                0x080215ec                HAL_Delay
                0x08021628                HAL_GetHalVersion
                0x08021630                HAL_GetREVID
                0x0802163c                HAL_GetDEVID
                0x0802164c                HAL_DBGMCU_EnableDBGSleepMode
                0x0802165c                HAL_DBGMCU_DisableDBGSleepMode
                0x0802166c                HAL_DBGMCU_EnableDBGStopMode
                0x0802167c                HAL_DBGMCU_DisableDBGStopMode
                0x0802168c                HAL_DBGMCU_EnableDBGStandbyMode
                0x0802169c                HAL_DBGMCU_DisableDBGStandbyMode
                0x080216ac                HAL_EnableCompensationCell
                0x080216c4                HAL_DisableCompensationCell
 .text          0x080216e0      0x840 build/stm32f4xx_hal_i2s.c.o
                0x080216e0                HAL_I2S_MspInit
                0x080217b0                HAL_I2S_MspDeInit
                0x080217b4                HAL_I2S_DeInit
                0x080217d8                HAL_I2S_Transmit_IT
                0x08021850                HAL_I2S_Receive_IT
                0x080218c8                HAL_I2S_Transmit_DMA
                0x08021964                HAL_I2S_Receive_DMA
                0x08021b64                HAL_I2S_TxHalfCpltCallback
                0x08021b68                I2S_DMATxHalfCplt
                0x08021b74                HAL_I2S_TxCpltCallback
                0x08021b78                HAL_I2S_RxHalfCpltCallback
                0x08021b7c                I2S_DMARxHalfCplt
                0x08021b88                HAL_I2S_RxCpltCallback
                0x08021b8c                HAL_I2S_ErrorCallback
                0x08021b90                I2S_DMAError
                0x08021bb0                HAL_I2S_GetState
                0x08021bb8                HAL_I2S_GetError
                0x08021bbc                I2S_Transmit_IT
                0x08021c14                I2S_Receive_IT
                0x08021d2c                I2S_WaitFlagStateUntilTimeout
                0x08021d9c                HAL_I2S_Transmit
                0x08021e64                HAL_I2S_Receive
 .text          0x08021f20        0x0 build/stm32f4xx_hal_wwdg.c.o
 .text          0x08021f20        0x0 build/stm32f4xx_hal_iwdg.c.o
 .text          0x08021f20      0x134 build/stm32f4xx_hal_pwr_ex.c.o
                0x08021f20                HAL_PWREx_EnableBkUpReg
                0x08021f64                HAL_PWREx_DisableBkUpReg
                0x08021fa8                HAL_PWREx_EnableFlashPowerDown
                0x08021fc4                HAL_PWREx_DisableFlashPowerDown
                0x08021fe0                HAL_PWREx_GetVoltageRange
                0x08021ff0                HAL_PWREx_ControlVoltageScaling
 .text          0x08022054        0x0 build/stm32f4xx_hal_eth.c.o
 .text          0x08022054        0x0 build/stm32f4xx_hal_dma2d.c.o
 .text          0x08022054        0x0 build/stm32f4xx_hal_crc.c.o
 .text          0x08022054        0x0 build/stm32f4xx_hal_spdifrx.c.o
 .text          0x08022054        0x0 build/stm32f4xx_hal_rtc_ex.c.o
 .text          0x08022054        0x0 build/stm32f4xx_hal_cec.c.o
 .text          0x08022054      0x444 build/stm32f4xx_hal_dcmi.c.o
                0x080220d8                HAL_DCMI_MspInit
                0x08022170                HAL_DCMI_MspDeInit
                0x08022174                HAL_DCMI_DeInit
                0x0802218c                HAL_DCMI_Start_DMA
                0x0802226c                HAL_DCMI_Stop
                0x080222dc                HAL_DCMI_ErrorCallback
                0x080222f0                HAL_DCMI_LineEventCallback
                0x080222f4                HAL_DCMI_VsyncEventCallback
                0x080222f8                HAL_DCMI_FrameEventCallback
                0x080222fc                HAL_DCMI_IRQHandler
                0x080223dc                HAL_DCMI_ConfigCROP
                0x0802241c                HAL_DCMI_DisableCROP
                0x08022454                HAL_DCMI_EnableCROP
                0x0802248c                HAL_DCMI_GetState
                0x08022494                HAL_DCMI_GetError
 .text          0x08022498        0x0 build/stm32f4xx_hal_lptim.c.o
 .text          0x08022498        0x0 build/stm32f4xx_hal_irda.c.o
 .text          0x08022498      0x39c build/stm32f4xx_ll_fsmc.c.o
                0x08022498                FSMC_NORSRAM_Init
                0x08022510                FSMC_NORSRAM_DeInit
                0x08022548                FSMC_NORSRAM_Timing_Init
                0x08022588                FSMC_NORSRAM_Extended_Timing_Init
                0x080225d0                FSMC_NORSRAM_WriteOperation_Enable
                0x080225e4                FSMC_NORSRAM_WriteOperation_Disable
                0x080225f8                FSMC_NAND_Init
                0x0802264c                FSMC_NAND_CommonSpace_Timing_Init
                0x08022688                FSMC_NAND_AttributeSpace_Timing_Init
                0x080226c4                FSMC_NAND_DeInit
                0x0802270c                FSMC_NAND_ECC_Enable
                0x08022728                FSMC_NAND_ECC_Disable
                0x08022744                FSMC_NAND_GetECC
                0x08022794                FSMC_PCCARD_Init
                0x080227bc                FSMC_PCCARD_CommonSpace_Timing_Init
                0x080227d8                FSMC_PCCARD_AttributeSpace_Timing_Init
                0x080227f4                FSMC_PCCARD_IOSpace_Timing_Init
                0x08022810                FSMC_PCCARD_DeInit
 .text          0x08022834      0xd3c build/stm32f4xx_hal_i2s_ex.c.o
                0x08022834                I2S_DMATxCplt
                0x080228b0                I2S_DMARxCplt
                0x0802296c                HAL_I2S_Init
                0x08022af0                HAL_I2SEx_TransmitReceive
                0x08022cdc                HAL_I2SEx_TransmitReceive_IT
                0x08022e14                HAL_I2SEx_TransmitReceive_DMA
                0x08022fcc                HAL_I2S_DMAPause
                0x08023080                HAL_I2S_DMAResume
                0x0802312c                HAL_I2S_DMAStop
                0x080231dc                I2SEx_TransmitReceive_IT
                0x08023330                HAL_I2S_IRQHandler
                0x08023554                I2S_GetInputClock
 .text          0x08023570     0x1498 build/stm32f4xx_ll_usb.c.o
                0x080235a4                USB_CoreInit
                0x0802361c                USB_EnableGlobalInt
                0x0802362c                USB_DisableGlobalInt
                0x0802363c                USB_SetCurrentMode
                0x08023670                USB_DevInit
                0x080237e4                USB_FlushTxFifo
                0x08023808                USB_FlushRxFifo
                0x08023828                USB_SetDevSpeed
                0x08023838                USB_GetDevSpeed
                0x08023870                USB_ActivateEndpoint
                0x08023900                USB_ActivateDedicatedEndpoint
                0x080239e4                USB_DeactivateEndpoint
                0x08023a68                USB_DeactivateDedicatedEndpoint
                0x08023ac8                USB_EPStartXfer
                0x08023d34                USB_EP0StartXfer
                0x08023ea8                USB_WritePacket
                0x08023ed4                USB_ReadPacket
                0x08023ef8                USB_EPSetStall
                0x08023f38                USB_EPClearStall
                0x08023f74                USB_StopDevice
                0x08023fd8                USB_SetDevAddress